Archive member included to satisfy reference by file (symbol)

c:/program files (x86)/atmel/studio/7.0/toolchain/avr8/avr8-gnu-toolchain/bin/../lib/gcc/avr/5.4.0/../../../../avr/lib/avr5\libm.a(addsf3.o)
                              MCAL/pwm/pwm.o (__subsf3)
c:/program files (x86)/atmel/studio/7.0/toolchain/avr8/avr8-gnu-toolchain/bin/../lib/gcc/avr/5.4.0/../../../../avr/lib/avr5\libm.a(addsf3x.o)
                              c:/program files (x86)/atmel/studio/7.0/toolchain/avr8/avr8-gnu-toolchain/bin/../lib/gcc/avr/5.4.0/../../../../avr/lib/avr5\libm.a(addsf3.o) (__addsf3x)
c:/program files (x86)/atmel/studio/7.0/toolchain/avr8/avr8-gnu-toolchain/bin/../lib/gcc/avr/5.4.0/../../../../avr/lib/avr5\libm.a(ceil.o)
                              MCAL/timers/timer.o (ceil)
c:/program files (x86)/atmel/studio/7.0/toolchain/avr8/avr8-gnu-toolchain/bin/../lib/gcc/avr/5.4.0/../../../../avr/lib/avr5\libm.a(cmpsf2.o)
                              MCAL/timers/timer.o (__ltsf2)
c:/program files (x86)/atmel/studio/7.0/toolchain/avr8/avr8-gnu-toolchain/bin/../lib/gcc/avr/5.4.0/../../../../avr/lib/avr5\libm.a(divsf3.o)
                              MCAL/pwm/pwm.o (__divsf3)
c:/program files (x86)/atmel/studio/7.0/toolchain/avr8/avr8-gnu-toolchain/bin/../lib/gcc/avr/5.4.0/../../../../avr/lib/avr5\libm.a(divsf3x.o)
                              c:/program files (x86)/atmel/studio/7.0/toolchain/avr8/avr8-gnu-toolchain/bin/../lib/gcc/avr/5.4.0/../../../../avr/lib/avr5\libm.a(divsf3.o) (__divsf3x)
c:/program files (x86)/atmel/studio/7.0/toolchain/avr8/avr8-gnu-toolchain/bin/../lib/gcc/avr/5.4.0/../../../../avr/lib/avr5\libm.a(fixunssfsi.o)
                              MCAL/pwm/pwm.o (__fixunssfsi)
c:/program files (x86)/atmel/studio/7.0/toolchain/avr8/avr8-gnu-toolchain/bin/../lib/gcc/avr/5.4.0/../../../../avr/lib/avr5\libm.a(floatsisf.o)
                              MCAL/pwm/pwm.o (__floatunsisf)
c:/program files (x86)/atmel/studio/7.0/toolchain/avr8/avr8-gnu-toolchain/bin/../lib/gcc/avr/5.4.0/../../../../avr/lib/avr5\libm.a(fp_cmp.o)
                              c:/program files (x86)/atmel/studio/7.0/toolchain/avr8/avr8-gnu-toolchain/bin/../lib/gcc/avr/5.4.0/../../../../avr/lib/avr5\libm.a(cmpsf2.o) (__fp_cmp)
c:/program files (x86)/atmel/studio/7.0/toolchain/avr8/avr8-gnu-toolchain/bin/../lib/gcc/avr/5.4.0/../../../../avr/lib/avr5\libm.a(fp_inf.o)
                              c:/program files (x86)/atmel/studio/7.0/toolchain/avr8/avr8-gnu-toolchain/bin/../lib/gcc/avr/5.4.0/../../../../avr/lib/avr5\libm.a(addsf3x.o) (__fp_inf)
c:/program files (x86)/atmel/studio/7.0/toolchain/avr8/avr8-gnu-toolchain/bin/../lib/gcc/avr/5.4.0/../../../../avr/lib/avr5\libm.a(fp_mintl.o)
                              c:/program files (x86)/atmel/studio/7.0/toolchain/avr8/avr8-gnu-toolchain/bin/../lib/gcc/avr/5.4.0/../../../../avr/lib/avr5\libm.a(ceil.o) (__fp_mintl)
c:/program files (x86)/atmel/studio/7.0/toolchain/avr8/avr8-gnu-toolchain/bin/../lib/gcc/avr/5.4.0/../../../../avr/lib/avr5\libm.a(fp_mpack.o)
                              c:/program files (x86)/atmel/studio/7.0/toolchain/avr8/avr8-gnu-toolchain/bin/../lib/gcc/avr/5.4.0/../../../../avr/lib/avr5\libm.a(ceil.o) (__fp_mpack)
c:/program files (x86)/atmel/studio/7.0/toolchain/avr8/avr8-gnu-toolchain/bin/../lib/gcc/avr/5.4.0/../../../../avr/lib/avr5\libm.a(fp_nan.o)
                              c:/program files (x86)/atmel/studio/7.0/toolchain/avr8/avr8-gnu-toolchain/bin/../lib/gcc/avr/5.4.0/../../../../avr/lib/avr5\libm.a(addsf3x.o) (__fp_nan)
c:/program files (x86)/atmel/studio/7.0/toolchain/avr8/avr8-gnu-toolchain/bin/../lib/gcc/avr/5.4.0/../../../../avr/lib/avr5\libm.a(fp_pscA.o)
                              c:/program files (x86)/atmel/studio/7.0/toolchain/avr8/avr8-gnu-toolchain/bin/../lib/gcc/avr/5.4.0/../../../../avr/lib/avr5\libm.a(addsf3x.o) (__fp_pscA)
c:/program files (x86)/atmel/studio/7.0/toolchain/avr8/avr8-gnu-toolchain/bin/../lib/gcc/avr/5.4.0/../../../../avr/lib/avr5\libm.a(fp_pscB.o)
                              c:/program files (x86)/atmel/studio/7.0/toolchain/avr8/avr8-gnu-toolchain/bin/../lib/gcc/avr/5.4.0/../../../../avr/lib/avr5\libm.a(addsf3x.o) (__fp_pscB)
c:/program files (x86)/atmel/studio/7.0/toolchain/avr8/avr8-gnu-toolchain/bin/../lib/gcc/avr/5.4.0/../../../../avr/lib/avr5\libm.a(fp_round.o)
                              c:/program files (x86)/atmel/studio/7.0/toolchain/avr8/avr8-gnu-toolchain/bin/../lib/gcc/avr/5.4.0/../../../../avr/lib/avr5\libm.a(addsf3.o) (__fp_round)
c:/program files (x86)/atmel/studio/7.0/toolchain/avr8/avr8-gnu-toolchain/bin/../lib/gcc/avr/5.4.0/../../../../avr/lib/avr5\libm.a(fp_split3.o)
                              c:/program files (x86)/atmel/studio/7.0/toolchain/avr8/avr8-gnu-toolchain/bin/../lib/gcc/avr/5.4.0/../../../../avr/lib/avr5\libm.a(addsf3x.o) (__fp_split3)
c:/program files (x86)/atmel/studio/7.0/toolchain/avr8/avr8-gnu-toolchain/bin/../lib/gcc/avr/5.4.0/../../../../avr/lib/avr5\libm.a(fp_trunc.o)
                              c:/program files (x86)/atmel/studio/7.0/toolchain/avr8/avr8-gnu-toolchain/bin/../lib/gcc/avr/5.4.0/../../../../avr/lib/avr5\libm.a(ceil.o) (__fp_trunc)
c:/program files (x86)/atmel/studio/7.0/toolchain/avr8/avr8-gnu-toolchain/bin/../lib/gcc/avr/5.4.0/../../../../avr/lib/avr5\libm.a(fp_zero.o)
                              c:/program files (x86)/atmel/studio/7.0/toolchain/avr8/avr8-gnu-toolchain/bin/../lib/gcc/avr/5.4.0/../../../../avr/lib/avr5\libm.a(addsf3x.o) (__fp_zero)
c:/program files (x86)/atmel/studio/7.0/toolchain/avr8/avr8-gnu-toolchain/bin/../lib/gcc/avr/5.4.0/../../../../avr/lib/avr5\libm.a(gesf2.o)
                              MCAL/timers/timer.o (__gtsf2)
c:/program files (x86)/atmel/studio/7.0/toolchain/avr8/avr8-gnu-toolchain/bin/../lib/gcc/avr/5.4.0/../../../../avr/lib/avr5\libm.a(mulsf3.o)
                              MCAL/pwm/pwm.o (__mulsf3)
c:/program files (x86)/atmel/studio/7.0/toolchain/avr8/avr8-gnu-toolchain/bin/../lib/gcc/avr/5.4.0/../../../../avr/lib/avr5\libm.a(mulsf3x.o)
                              c:/program files (x86)/atmel/studio/7.0/toolchain/avr8/avr8-gnu-toolchain/bin/../lib/gcc/avr/5.4.0/../../../../avr/lib/avr5\libm.a(mulsf3.o) (__mulsf3x)
c:/program files (x86)/atmel/studio/7.0/toolchain/avr8/avr8-gnu-toolchain/bin/../lib/gcc/avr/5.4.0/avr5\libgcc.a(_divmodsi4.o)
                              HAL/lcd/lcd.o (__divmodsi4)
c:/program files (x86)/atmel/studio/7.0/toolchain/avr8/avr8-gnu-toolchain/bin/../lib/gcc/avr/5.4.0/avr5\libgcc.a(_negsi2.o)
                              c:/program files (x86)/atmel/studio/7.0/toolchain/avr8/avr8-gnu-toolchain/bin/../lib/gcc/avr/5.4.0/avr5\libgcc.a(_divmodsi4.o) (__negsi2)
c:/program files (x86)/atmel/studio/7.0/toolchain/avr8/avr8-gnu-toolchain/bin/../lib/gcc/avr/5.4.0/avr5\libgcc.a(_exit.o)
                              C:/Program Files (x86)/Atmel/Studio/7.0/Packs/atmel/ATmega_DFP/1.7.374/gcc/dev/atmega32/avr5/crtatmega32.o (exit)
c:/program files (x86)/atmel/studio/7.0/toolchain/avr8/avr8-gnu-toolchain/bin/../lib/gcc/avr/5.4.0/avr5\libgcc.a(_copy_data.o)
                              APP/app.o (__do_copy_data)
c:/program files (x86)/atmel/studio/7.0/toolchain/avr8/avr8-gnu-toolchain/bin/../lib/gcc/avr/5.4.0/avr5\libgcc.a(_clear_bss.o)
                              APP/app.o (__do_clear_bss)
c:/program files (x86)/atmel/studio/7.0/toolchain/avr8/avr8-gnu-toolchain/bin/../lib/gcc/avr/5.4.0/avr5\libgcc.a(_umulhisi3.o)
                              HAL/lcd/lcd.o (__umulhisi3)
c:/program files (x86)/atmel/studio/7.0/toolchain/avr8/avr8-gnu-toolchain/bin/../lib/gcc/avr/5.4.0/avr5\libgcc.a(_udivmodsi4.o)
                              c:/program files (x86)/atmel/studio/7.0/toolchain/avr8/avr8-gnu-toolchain/bin/../lib/gcc/avr/5.4.0/avr5\libgcc.a(_divmodsi4.o) (__udivmodsi4)

Allocating common symbols
Common symbol       size              file

t3                  0x2               HAL/ultrasonic/us.o
t2                  0x2               HAL/ultrasonic/us.o
gu32_T1_OVF_TICKS   0x4               MCAL/timers/timer.o
t1                  0x2               HAL/ultrasonic/us.o
g_distance          0x2               APP/app.o
ovf                 0x4               APP/app.o

Discarded input sections

 .data          0x00000000        0x0 C:/Program Files (x86)/Atmel/Studio/7.0/Packs/atmel/ATmega_DFP/1.7.374/gcc/dev/atmega32/avr5/crtatmega32.o
 .bss           0x00000000        0x0 C:/Program Files (x86)/Atmel/Studio/7.0/Packs/atmel/ATmega_DFP/1.7.374/gcc/dev/atmega32/avr5/crtatmega32.o
 .text          0x00000000        0x0 APP/app.o
 .data          0x00000000        0x0 APP/app.o
 .bss           0x00000000        0x0 APP/app.o
 .text          0x00000000        0x0 HAL/button/button.o
 .data          0x00000000        0x0 HAL/button/button.o
 .bss           0x00000000        0x0 HAL/button/button.o
 .text          0x00000000        0x0 HAL/keypad/keypad.o
 .data          0x00000000        0x0 HAL/keypad/keypad.o
 .bss           0x00000000        0x0 HAL/keypad/keypad.o
 .text          0x00000000        0x0 HAL/lcd/lcd.o
 .data          0x00000000        0x0 HAL/lcd/lcd.o
 .bss           0x00000000        0x0 HAL/lcd/lcd.o
 .text.LCD_WriteBinary
                0x00000000       0x2e HAL/lcd/lcd.o
 .text.LCD_ClearLoc
                0x00000000       0x20 HAL/lcd/lcd.o
 .text.LCD_WriteNumber_3D
                0x00000000      0x142 HAL/lcd/lcd.o
 .text.LCD_CustomChar
                0x00000000       0x3a HAL/lcd/lcd.o
 .text          0x00000000        0x0 HAL/motor/motor.o
 .data          0x00000000        0x0 HAL/motor/motor.o
 .bss           0x00000000        0x0 HAL/motor/motor.o
 .text          0x00000000        0x0 HAL/ultrasonic/us.o
 .data          0x00000000        0x0 HAL/ultrasonic/us.o
 .bss           0x00000000        0x0 HAL/ultrasonic/us.o
 .bss.flag      0x00000000        0x1 HAL/ultrasonic/us.o
 COMMON         0x00000000        0x6 HAL/ultrasonic/us.o
 .text          0x00000000        0x0 main.o
 .data          0x00000000        0x0 main.o
 .bss           0x00000000        0x0 main.o
 .text          0x00000000        0x0 MCAL/dio/dio.o
 .data          0x00000000        0x0 MCAL/dio/dio.o
 .bss           0x00000000        0x0 MCAL/dio/dio.o
 .text.DIO_togglepin
                0x00000000       0x8e MCAL/dio/dio.o
 .text.DIO_WritePort
                0x00000000       0x34 MCAL/dio/dio.o
 .text          0x00000000        0x0 MCAL/dio/dio_cfg.o
 .data          0x00000000        0x0 MCAL/dio/dio_cfg.o
 .bss           0x00000000        0x0 MCAL/dio/dio_cfg.o
 .text          0x00000000        0x0 MCAL/icu/icu.o
 .data          0x00000000        0x0 MCAL/icu/icu.o
 .bss           0x00000000        0x0 MCAL/icu/icu.o
 .text          0x00000000        0x0 MCAL/Interrupt/exi.o
 .data          0x00000000        0x0 MCAL/Interrupt/exi.o
 .bss           0x00000000        0x0 MCAL/Interrupt/exi.o
 .text.EXI_Disable
                0x00000000       0x24 MCAL/Interrupt/exi.o
 .text.EXI_Init
                0x00000000       0x1a MCAL/Interrupt/exi.o
 .text          0x00000000        0x0 MCAL/pwm/pwm.o
 .data          0x00000000        0x0 MCAL/pwm/pwm.o
 .bss           0x00000000        0x0 MCAL/pwm/pwm.o
 .text.waveGen_hf
                0x00000000       0x92 MCAL/pwm/pwm.o
 .text.PWM_set_duty_hf
                0x00000000       0xf4 MCAL/pwm/pwm.o
 .bss.OV.2070   0x00000000        0x4 MCAL/pwm/pwm.o
 .text          0x00000000        0x0 MCAL/pwm/pwm_lcfg.o
 .data          0x00000000        0x0 MCAL/pwm/pwm_lcfg.o
 .bss           0x00000000        0x0 MCAL/pwm/pwm_lcfg.o
 .debug_info    0x00000000       0x72 MCAL/pwm/pwm_lcfg.o
 .debug_abbrev  0x00000000       0x26 MCAL/pwm/pwm_lcfg.o
 .debug_aranges
                0x00000000       0x18 MCAL/pwm/pwm_lcfg.o
 .debug_line    0x00000000       0x1a MCAL/pwm/pwm_lcfg.o
 .debug_str     0x00000000      0x1f0 MCAL/pwm/pwm_lcfg.o
 .comment       0x00000000       0x31 MCAL/pwm/pwm_lcfg.o
 .text          0x00000000        0x0 MCAL/timers/timer.o
 .data          0x00000000        0x0 MCAL/timers/timer.o
 .bss           0x00000000        0x0 MCAL/timers/timer.o
 .text.timer_setTimerValue
                0x00000000        0x4 MCAL/timers/timer.o
 .text.timer_reset
                0x00000000        0xe MCAL/timers/timer.o
 .text.TIMER0_OV_InterruptDisable
                0x00000000        0x8 MCAL/timers/timer.o
 .text.TIMER0_OC_InterruptEnable
                0x00000000        0x8 MCAL/timers/timer.o
 .text.TIMER0_OC_InterruptDisable
                0x00000000        0x8 MCAL/timers/timer.o
 .text.set_time
                0x00000000       0x54 MCAL/timers/timer.o
 .text.timer_delay
                0x00000000       0xd2 MCAL/timers/timer.o
 .text.Timer1_OCRA1Mode
                0x00000000       0x48 MCAL/timers/timer.o
 .text.Timer1_OCRB1Mode
                0x00000000       0x48 MCAL/timers/timer.o
 .text.Timer1_InputCaptureEdge
                0x00000000       0x18 MCAL/timers/timer.o
 .text.Timer1_ICU_InterruptEnable
                0x00000000        0x8 MCAL/timers/timer.o
 .text.Timer1_ICU_InterruptDisable
                0x00000000        0x8 MCAL/timers/timer.o
 .text.Timer1_OVF_InterruptEnable
                0x00000000        0x8 MCAL/timers/timer.o
 .text.Timer1_OVF_InterruptDisable
                0x00000000        0x8 MCAL/timers/timer.o
 .text.Timer1_OCA_InterruptEnable
                0x00000000        0x8 MCAL/timers/timer.o
 .text.Timer1_OCA_InterruptDisable
                0x00000000        0x8 MCAL/timers/timer.o
 .text.Timer1_OCB_InterruptEnable
                0x00000000        0x8 MCAL/timers/timer.o
 .text.Timer1_OCB_InterruptDisable
                0x00000000        0x8 MCAL/timers/timer.o
 .text.Timer1_OVF_SetCallBack
                0x00000000        0xa MCAL/timers/timer.o
 .text.Timer1_OCA_SetCallBack
                0x00000000        0xa MCAL/timers/timer.o
 .text.Timer1_OCB_SetCallBack
                0x00000000        0xa MCAL/timers/timer.o
 .text.Timer1_ICU_SetCallBack
                0x00000000        0xa MCAL/timers/timer.o
 .text.TIMER1_OCA_vect
                0x00000000       0x52 MCAL/timers/timer.o
 .text.TIMER_2_stop
                0x00000000       0x14 MCAL/timers/timer.o
 .text.TIMER_2_OvfNum
                0x00000000       0xc6 MCAL/timers/timer.o
 .text.TIMER_2_DELAY_MS
                0x00000000       0x40 MCAL/timers/timer.o
 .text.TIMER2_OV_InterruptDisable
                0x00000000        0x8 MCAL/timers/timer.o
 .bss.Timer1_OCA_Fptr
                0x00000000        0x2 MCAL/timers/timer.o
 COMMON         0x00000000        0x4 MCAL/timers/timer.o
 .text          0x00000000        0x0 c:/program files (x86)/atmel/studio/7.0/toolchain/avr8/avr8-gnu-toolchain/bin/../lib/gcc/avr/5.4.0/../../../../avr/lib/avr5\libm.a(addsf3.o)
 .data          0x00000000        0x0 c:/program files (x86)/atmel/studio/7.0/toolchain/avr8/avr8-gnu-toolchain/bin/../lib/gcc/avr/5.4.0/../../../../avr/lib/avr5\libm.a(addsf3.o)
 .bss           0x00000000        0x0 c:/program files (x86)/atmel/studio/7.0/toolchain/avr8/avr8-gnu-toolchain/bin/../lib/gcc/avr/5.4.0/../../../../avr/lib/avr5\libm.a(addsf3.o)
 .text          0x00000000        0x0 c:/program files (x86)/atmel/studio/7.0/toolchain/avr8/avr8-gnu-toolchain/bin/../lib/gcc/avr/5.4.0/../../../../avr/lib/avr5\libm.a(addsf3x.o)
 .data          0x00000000        0x0 c:/program files (x86)/atmel/studio/7.0/toolchain/avr8/avr8-gnu-toolchain/bin/../lib/gcc/avr/5.4.0/../../../../avr/lib/avr5\libm.a(addsf3x.o)
 .bss           0x00000000        0x0 c:/program files (x86)/atmel/studio/7.0/toolchain/avr8/avr8-gnu-toolchain/bin/../lib/gcc/avr/5.4.0/../../../../avr/lib/avr5\libm.a(addsf3x.o)
 .text          0x00000000        0x0 c:/program files (x86)/atmel/studio/7.0/toolchain/avr8/avr8-gnu-toolchain/bin/../lib/gcc/avr/5.4.0/../../../../avr/lib/avr5\libm.a(ceil.o)
 .data          0x00000000        0x0 c:/program files (x86)/atmel/studio/7.0/toolchain/avr8/avr8-gnu-toolchain/bin/../lib/gcc/avr/5.4.0/../../../../avr/lib/avr5\libm.a(ceil.o)
 .bss           0x00000000        0x0 c:/program files (x86)/atmel/studio/7.0/toolchain/avr8/avr8-gnu-toolchain/bin/../lib/gcc/avr/5.4.0/../../../../avr/lib/avr5\libm.a(ceil.o)
 .text.avr-libc.fplib
                0x00000000       0x2e c:/program files (x86)/atmel/studio/7.0/toolchain/avr8/avr8-gnu-toolchain/bin/../lib/gcc/avr/5.4.0/../../../../avr/lib/avr5\libm.a(ceil.o)
 .text          0x00000000        0x0 c:/program files (x86)/atmel/studio/7.0/toolchain/avr8/avr8-gnu-toolchain/bin/../lib/gcc/avr/5.4.0/../../../../avr/lib/avr5\libm.a(cmpsf2.o)
 .data          0x00000000        0x0 c:/program files (x86)/atmel/studio/7.0/toolchain/avr8/avr8-gnu-toolchain/bin/../lib/gcc/avr/5.4.0/../../../../avr/lib/avr5\libm.a(cmpsf2.o)
 .bss           0x00000000        0x0 c:/program files (x86)/atmel/studio/7.0/toolchain/avr8/avr8-gnu-toolchain/bin/../lib/gcc/avr/5.4.0/../../../../avr/lib/avr5\libm.a(cmpsf2.o)
 .text.avr-libc.fplib
                0x00000000        0xa c:/program files (x86)/atmel/studio/7.0/toolchain/avr8/avr8-gnu-toolchain/bin/../lib/gcc/avr/5.4.0/../../../../avr/lib/avr5\libm.a(cmpsf2.o)
 .text          0x00000000        0x0 c:/program files (x86)/atmel/studio/7.0/toolchain/avr8/avr8-gnu-toolchain/bin/../lib/gcc/avr/5.4.0/../../../../avr/lib/avr5\libm.a(divsf3.o)
 .data          0x00000000        0x0 c:/program files (x86)/atmel/studio/7.0/toolchain/avr8/avr8-gnu-toolchain/bin/../lib/gcc/avr/5.4.0/../../../../avr/lib/avr5\libm.a(divsf3.o)
 .bss           0x00000000        0x0 c:/program files (x86)/atmel/studio/7.0/toolchain/avr8/avr8-gnu-toolchain/bin/../lib/gcc/avr/5.4.0/../../../../avr/lib/avr5\libm.a(divsf3.o)
 .text          0x00000000        0x0 c:/program files (x86)/atmel/studio/7.0/toolchain/avr8/avr8-gnu-toolchain/bin/../lib/gcc/avr/5.4.0/../../../../avr/lib/avr5\libm.a(divsf3x.o)
 .data          0x00000000        0x0 c:/program files (x86)/atmel/studio/7.0/toolchain/avr8/avr8-gnu-toolchain/bin/../lib/gcc/avr/5.4.0/../../../../avr/lib/avr5\libm.a(divsf3x.o)
 .bss           0x00000000        0x0 c:/program files (x86)/atmel/studio/7.0/toolchain/avr8/avr8-gnu-toolchain/bin/../lib/gcc/avr/5.4.0/../../../../avr/lib/avr5\libm.a(divsf3x.o)
 .text          0x00000000        0x0 c:/program files (x86)/atmel/studio/7.0/toolchain/avr8/avr8-gnu-toolchain/bin/../lib/gcc/avr/5.4.0/../../../../avr/lib/avr5\libm.a(fixunssfsi.o)
 .data          0x00000000        0x0 c:/program files (x86)/atmel/studio/7.0/toolchain/avr8/avr8-gnu-toolchain/bin/../lib/gcc/avr/5.4.0/../../../../avr/lib/avr5\libm.a(fixunssfsi.o)
 .bss           0x00000000        0x0 c:/program files (x86)/atmel/studio/7.0/toolchain/avr8/avr8-gnu-toolchain/bin/../lib/gcc/avr/5.4.0/../../../../avr/lib/avr5\libm.a(fixunssfsi.o)
 .text          0x00000000        0x0 c:/program files (x86)/atmel/studio/7.0/toolchain/avr8/avr8-gnu-toolchain/bin/../lib/gcc/avr/5.4.0/../../../../avr/lib/avr5\libm.a(floatsisf.o)
 .data          0x00000000        0x0 c:/program files (x86)/atmel/studio/7.0/toolchain/avr8/avr8-gnu-toolchain/bin/../lib/gcc/avr/5.4.0/../../../../avr/lib/avr5\libm.a(floatsisf.o)
 .bss           0x00000000        0x0 c:/program files (x86)/atmel/studio/7.0/toolchain/avr8/avr8-gnu-toolchain/bin/../lib/gcc/avr/5.4.0/../../../../avr/lib/avr5\libm.a(floatsisf.o)
 .text          0x00000000        0x0 c:/program files (x86)/atmel/studio/7.0/toolchain/avr8/avr8-gnu-toolchain/bin/../lib/gcc/avr/5.4.0/../../../../avr/lib/avr5\libm.a(fp_cmp.o)
 .data          0x00000000        0x0 c:/program files (x86)/atmel/studio/7.0/toolchain/avr8/avr8-gnu-toolchain/bin/../lib/gcc/avr/5.4.0/../../../../avr/lib/avr5\libm.a(fp_cmp.o)
 .bss           0x00000000        0x0 c:/program files (x86)/atmel/studio/7.0/toolchain/avr8/avr8-gnu-toolchain/bin/../lib/gcc/avr/5.4.0/../../../../avr/lib/avr5\libm.a(fp_cmp.o)
 .text.avr-libc.fplib
                0x00000000       0x48 c:/program files (x86)/atmel/studio/7.0/toolchain/avr8/avr8-gnu-toolchain/bin/../lib/gcc/avr/5.4.0/../../../../avr/lib/avr5\libm.a(fp_cmp.o)
 .text          0x00000000        0x0 c:/program files (x86)/atmel/studio/7.0/toolchain/avr8/avr8-gnu-toolchain/bin/../lib/gcc/avr/5.4.0/../../../../avr/lib/avr5\libm.a(fp_inf.o)
 .data          0x00000000        0x0 c:/program files (x86)/atmel/studio/7.0/toolchain/avr8/avr8-gnu-toolchain/bin/../lib/gcc/avr/5.4.0/../../../../avr/lib/avr5\libm.a(fp_inf.o)
 .bss           0x00000000        0x0 c:/program files (x86)/atmel/studio/7.0/toolchain/avr8/avr8-gnu-toolchain/bin/../lib/gcc/avr/5.4.0/../../../../avr/lib/avr5\libm.a(fp_inf.o)
 .text          0x00000000        0x0 c:/program files (x86)/atmel/studio/7.0/toolchain/avr8/avr8-gnu-toolchain/bin/../lib/gcc/avr/5.4.0/../../../../avr/lib/avr5\libm.a(fp_mintl.o)
 .data          0x00000000        0x0 c:/program files (x86)/atmel/studio/7.0/toolchain/avr8/avr8-gnu-toolchain/bin/../lib/gcc/avr/5.4.0/../../../../avr/lib/avr5\libm.a(fp_mintl.o)
 .bss           0x00000000        0x0 c:/program files (x86)/atmel/studio/7.0/toolchain/avr8/avr8-gnu-toolchain/bin/../lib/gcc/avr/5.4.0/../../../../avr/lib/avr5\libm.a(fp_mintl.o)
 .text.avr-libc.fplib
                0x00000000       0x36 c:/program files (x86)/atmel/studio/7.0/toolchain/avr8/avr8-gnu-toolchain/bin/../lib/gcc/avr/5.4.0/../../../../avr/lib/avr5\libm.a(fp_mintl.o)
 .text          0x00000000        0x0 c:/program files (x86)/atmel/studio/7.0/toolchain/avr8/avr8-gnu-toolchain/bin/../lib/gcc/avr/5.4.0/../../../../avr/lib/avr5\libm.a(fp_mpack.o)
 .data          0x00000000        0x0 c:/program files (x86)/atmel/studio/7.0/toolchain/avr8/avr8-gnu-toolchain/bin/../lib/gcc/avr/5.4.0/../../../../avr/lib/avr5\libm.a(fp_mpack.o)
 .bss           0x00000000        0x0 c:/program files (x86)/atmel/studio/7.0/toolchain/avr8/avr8-gnu-toolchain/bin/../lib/gcc/avr/5.4.0/../../../../avr/lib/avr5\libm.a(fp_mpack.o)
 .text.avr-libc.fplib
                0x00000000       0x1c c:/program files (x86)/atmel/studio/7.0/toolchain/avr8/avr8-gnu-toolchain/bin/../lib/gcc/avr/5.4.0/../../../../avr/lib/avr5\libm.a(fp_mpack.o)
 .text          0x00000000        0x0 c:/program files (x86)/atmel/studio/7.0/toolchain/avr8/avr8-gnu-toolchain/bin/../lib/gcc/avr/5.4.0/../../../../avr/lib/avr5\libm.a(fp_nan.o)
 .data          0x00000000        0x0 c:/program files (x86)/atmel/studio/7.0/toolchain/avr8/avr8-gnu-toolchain/bin/../lib/gcc/avr/5.4.0/../../../../avr/lib/avr5\libm.a(fp_nan.o)
 .bss           0x00000000        0x0 c:/program files (x86)/atmel/studio/7.0/toolchain/avr8/avr8-gnu-toolchain/bin/../lib/gcc/avr/5.4.0/../../../../avr/lib/avr5\libm.a(fp_nan.o)
 .text          0x00000000        0x0 c:/program files (x86)/atmel/studio/7.0/toolchain/avr8/avr8-gnu-toolchain/bin/../lib/gcc/avr/5.4.0/../../../../avr/lib/avr5\libm.a(fp_pscA.o)
 .data          0x00000000        0x0 c:/program files (x86)/atmel/studio/7.0/toolchain/avr8/avr8-gnu-toolchain/bin/../lib/gcc/avr/5.4.0/../../../../avr/lib/avr5\libm.a(fp_pscA.o)
 .bss           0x00000000        0x0 c:/program files (x86)/atmel/studio/7.0/toolchain/avr8/avr8-gnu-toolchain/bin/../lib/gcc/avr/5.4.0/../../../../avr/lib/avr5\libm.a(fp_pscA.o)
 .text          0x00000000        0x0 c:/program files (x86)/atmel/studio/7.0/toolchain/avr8/avr8-gnu-toolchain/bin/../lib/gcc/avr/5.4.0/../../../../avr/lib/avr5\libm.a(fp_pscB.o)
 .data          0x00000000        0x0 c:/program files (x86)/atmel/studio/7.0/toolchain/avr8/avr8-gnu-toolchain/bin/../lib/gcc/avr/5.4.0/../../../../avr/lib/avr5\libm.a(fp_pscB.o)
 .bss           0x00000000        0x0 c:/program files (x86)/atmel/studio/7.0/toolchain/avr8/avr8-gnu-toolchain/bin/../lib/gcc/avr/5.4.0/../../../../avr/lib/avr5\libm.a(fp_pscB.o)
 .text          0x00000000        0x0 c:/program files (x86)/atmel/studio/7.0/toolchain/avr8/avr8-gnu-toolchain/bin/../lib/gcc/avr/5.4.0/../../../../avr/lib/avr5\libm.a(fp_round.o)
 .data          0x00000000        0x0 c:/program files (x86)/atmel/studio/7.0/toolchain/avr8/avr8-gnu-toolchain/bin/../lib/gcc/avr/5.4.0/../../../../avr/lib/avr5\libm.a(fp_round.o)
 .bss           0x00000000        0x0 c:/program files (x86)/atmel/studio/7.0/toolchain/avr8/avr8-gnu-toolchain/bin/../lib/gcc/avr/5.4.0/../../../../avr/lib/avr5\libm.a(fp_round.o)
 .text          0x00000000        0x0 c:/program files (x86)/atmel/studio/7.0/toolchain/avr8/avr8-gnu-toolchain/bin/../lib/gcc/avr/5.4.0/../../../../avr/lib/avr5\libm.a(fp_split3.o)
 .data          0x00000000        0x0 c:/program files (x86)/atmel/studio/7.0/toolchain/avr8/avr8-gnu-toolchain/bin/../lib/gcc/avr/5.4.0/../../../../avr/lib/avr5\libm.a(fp_split3.o)
 .bss           0x00000000        0x0 c:/program files (x86)/atmel/studio/7.0/toolchain/avr8/avr8-gnu-toolchain/bin/../lib/gcc/avr/5.4.0/../../../../avr/lib/avr5\libm.a(fp_split3.o)
 .text          0x00000000        0x0 c:/program files (x86)/atmel/studio/7.0/toolchain/avr8/avr8-gnu-toolchain/bin/../lib/gcc/avr/5.4.0/../../../../avr/lib/avr5\libm.a(fp_trunc.o)
 .data          0x00000000        0x0 c:/program files (x86)/atmel/studio/7.0/toolchain/avr8/avr8-gnu-toolchain/bin/../lib/gcc/avr/5.4.0/../../../../avr/lib/avr5\libm.a(fp_trunc.o)
 .bss           0x00000000        0x0 c:/program files (x86)/atmel/studio/7.0/toolchain/avr8/avr8-gnu-toolchain/bin/../lib/gcc/avr/5.4.0/../../../../avr/lib/avr5\libm.a(fp_trunc.o)
 .text.avr-libc.fplib
                0x00000000       0x30 c:/program files (x86)/atmel/studio/7.0/toolchain/avr8/avr8-gnu-toolchain/bin/../lib/gcc/avr/5.4.0/../../../../avr/lib/avr5\libm.a(fp_trunc.o)
 .text          0x00000000        0x0 c:/program files (x86)/atmel/studio/7.0/toolchain/avr8/avr8-gnu-toolchain/bin/../lib/gcc/avr/5.4.0/../../../../avr/lib/avr5\libm.a(fp_zero.o)
 .data          0x00000000        0x0 c:/program files (x86)/atmel/studio/7.0/toolchain/avr8/avr8-gnu-toolchain/bin/../lib/gcc/avr/5.4.0/../../../../avr/lib/avr5\libm.a(fp_zero.o)
 .bss           0x00000000        0x0 c:/program files (x86)/atmel/studio/7.0/toolchain/avr8/avr8-gnu-toolchain/bin/../lib/gcc/avr/5.4.0/../../../../avr/lib/avr5\libm.a(fp_zero.o)
 .text          0x00000000        0x0 c:/program files (x86)/atmel/studio/7.0/toolchain/avr8/avr8-gnu-toolchain/bin/../lib/gcc/avr/5.4.0/../../../../avr/lib/avr5\libm.a(gesf2.o)
 .data          0x00000000        0x0 c:/program files (x86)/atmel/studio/7.0/toolchain/avr8/avr8-gnu-toolchain/bin/../lib/gcc/avr/5.4.0/../../../../avr/lib/avr5\libm.a(gesf2.o)
 .bss           0x00000000        0x0 c:/program files (x86)/atmel/studio/7.0/toolchain/avr8/avr8-gnu-toolchain/bin/../lib/gcc/avr/5.4.0/../../../../avr/lib/avr5\libm.a(gesf2.o)
 .text.avr-libc.fplib
                0x00000000        0xa c:/program files (x86)/atmel/studio/7.0/toolchain/avr8/avr8-gnu-toolchain/bin/../lib/gcc/avr/5.4.0/../../../../avr/lib/avr5\libm.a(gesf2.o)
 .text          0x00000000        0x0 c:/program files (x86)/atmel/studio/7.0/toolchain/avr8/avr8-gnu-toolchain/bin/../lib/gcc/avr/5.4.0/../../../../avr/lib/avr5\libm.a(mulsf3.o)
 .data          0x00000000        0x0 c:/program files (x86)/atmel/studio/7.0/toolchain/avr8/avr8-gnu-toolchain/bin/../lib/gcc/avr/5.4.0/../../../../avr/lib/avr5\libm.a(mulsf3.o)
 .bss           0x00000000        0x0 c:/program files (x86)/atmel/studio/7.0/toolchain/avr8/avr8-gnu-toolchain/bin/../lib/gcc/avr/5.4.0/../../../../avr/lib/avr5\libm.a(mulsf3.o)
 .text          0x00000000        0x0 c:/program files (x86)/atmel/studio/7.0/toolchain/avr8/avr8-gnu-toolchain/bin/../lib/gcc/avr/5.4.0/../../../../avr/lib/avr5\libm.a(mulsf3x.o)
 .data          0x00000000        0x0 c:/program files (x86)/atmel/studio/7.0/toolchain/avr8/avr8-gnu-toolchain/bin/../lib/gcc/avr/5.4.0/../../../../avr/lib/avr5\libm.a(mulsf3x.o)
 .bss           0x00000000        0x0 c:/program files (x86)/atmel/studio/7.0/toolchain/avr8/avr8-gnu-toolchain/bin/../lib/gcc/avr/5.4.0/../../../../avr/lib/avr5\libm.a(mulsf3x.o)
 .text          0x00000000        0x0 c:/program files (x86)/atmel/studio/7.0/toolchain/avr8/avr8-gnu-toolchain/bin/../lib/gcc/avr/5.4.0/avr5\libgcc.a(_divmodsi4.o)
 .data          0x00000000        0x0 c:/program files (x86)/atmel/studio/7.0/toolchain/avr8/avr8-gnu-toolchain/bin/../lib/gcc/avr/5.4.0/avr5\libgcc.a(_divmodsi4.o)
 .bss           0x00000000        0x0 c:/program files (x86)/atmel/studio/7.0/toolchain/avr8/avr8-gnu-toolchain/bin/../lib/gcc/avr/5.4.0/avr5\libgcc.a(_divmodsi4.o)
 .text.libgcc.mul
                0x00000000        0x0 c:/program files (x86)/atmel/studio/7.0/toolchain/avr8/avr8-gnu-toolchain/bin/../lib/gcc/avr/5.4.0/avr5\libgcc.a(_divmodsi4.o)
 .text.libgcc   0x00000000        0x0 c:/program files (x86)/atmel/studio/7.0/toolchain/avr8/avr8-gnu-toolchain/bin/../lib/gcc/avr/5.4.0/avr5\libgcc.a(_divmodsi4.o)
 .text.libgcc.prologue
                0x00000000        0x0 c:/program files (x86)/atmel/studio/7.0/toolchain/avr8/avr8-gnu-toolchain/bin/../lib/gcc/avr/5.4.0/avr5\libgcc.a(_divmodsi4.o)
 .text.libgcc.builtins
                0x00000000        0x0 c:/program files (x86)/atmel/studio/7.0/toolchain/avr8/avr8-gnu-toolchain/bin/../lib/gcc/avr/5.4.0/avr5\libgcc.a(_divmodsi4.o)
 .text.libgcc.fmul
                0x00000000        0x0 c:/program files (x86)/atmel/studio/7.0/toolchain/avr8/avr8-gnu-toolchain/bin/../lib/gcc/avr/5.4.0/avr5\libgcc.a(_divmodsi4.o)
 .text.libgcc.fixed
                0x00000000        0x0 c:/program files (x86)/atmel/studio/7.0/toolchain/avr8/avr8-gnu-toolchain/bin/../lib/gcc/avr/5.4.0/avr5\libgcc.a(_divmodsi4.o)
 .text          0x00000000        0x0 c:/program files (x86)/atmel/studio/7.0/toolchain/avr8/avr8-gnu-toolchain/bin/../lib/gcc/avr/5.4.0/avr5\libgcc.a(_negsi2.o)
 .data          0x00000000        0x0 c:/program files (x86)/atmel/studio/7.0/toolchain/avr8/avr8-gnu-toolchain/bin/../lib/gcc/avr/5.4.0/avr5\libgcc.a(_negsi2.o)
 .bss           0x00000000        0x0 c:/program files (x86)/atmel/studio/7.0/toolchain/avr8/avr8-gnu-toolchain/bin/../lib/gcc/avr/5.4.0/avr5\libgcc.a(_negsi2.o)
 .text.libgcc.mul
                0x00000000        0x0 c:/program files (x86)/atmel/studio/7.0/toolchain/avr8/avr8-gnu-toolchain/bin/../lib/gcc/avr/5.4.0/avr5\libgcc.a(_negsi2.o)
 .text.libgcc   0x00000000        0x0 c:/program files (x86)/atmel/studio/7.0/toolchain/avr8/avr8-gnu-toolchain/bin/../lib/gcc/avr/5.4.0/avr5\libgcc.a(_negsi2.o)
 .text.libgcc.prologue
                0x00000000        0x0 c:/program files (x86)/atmel/studio/7.0/toolchain/avr8/avr8-gnu-toolchain/bin/../lib/gcc/avr/5.4.0/avr5\libgcc.a(_negsi2.o)
 .text.libgcc.builtins
                0x00000000        0x0 c:/program files (x86)/atmel/studio/7.0/toolchain/avr8/avr8-gnu-toolchain/bin/../lib/gcc/avr/5.4.0/avr5\libgcc.a(_negsi2.o)
 .text.libgcc.fmul
                0x00000000        0x0 c:/program files (x86)/atmel/studio/7.0/toolchain/avr8/avr8-gnu-toolchain/bin/../lib/gcc/avr/5.4.0/avr5\libgcc.a(_negsi2.o)
 .text.libgcc.fixed
                0x00000000        0x0 c:/program files (x86)/atmel/studio/7.0/toolchain/avr8/avr8-gnu-toolchain/bin/../lib/gcc/avr/5.4.0/avr5\libgcc.a(_negsi2.o)
 .text          0x00000000        0x0 c:/program files (x86)/atmel/studio/7.0/toolchain/avr8/avr8-gnu-toolchain/bin/../lib/gcc/avr/5.4.0/avr5\libgcc.a(_exit.o)
 .data          0x00000000        0x0 c:/program files (x86)/atmel/studio/7.0/toolchain/avr8/avr8-gnu-toolchain/bin/../lib/gcc/avr/5.4.0/avr5\libgcc.a(_exit.o)
 .bss           0x00000000        0x0 c:/program files (x86)/atmel/studio/7.0/toolchain/avr8/avr8-gnu-toolchain/bin/../lib/gcc/avr/5.4.0/avr5\libgcc.a(_exit.o)
 .text.libgcc.mul
                0x00000000        0x0 c:/program files (x86)/atmel/studio/7.0/toolchain/avr8/avr8-gnu-toolchain/bin/../lib/gcc/avr/5.4.0/avr5\libgcc.a(_exit.o)
 .text.libgcc.div
                0x00000000        0x0 c:/program files (x86)/atmel/studio/7.0/toolchain/avr8/avr8-gnu-toolchain/bin/../lib/gcc/avr/5.4.0/avr5\libgcc.a(_exit.o)
 .text.libgcc   0x00000000        0x0 c:/program files (x86)/atmel/studio/7.0/toolchain/avr8/avr8-gnu-toolchain/bin/../lib/gcc/avr/5.4.0/avr5\libgcc.a(_exit.o)
 .text.libgcc.prologue
                0x00000000        0x0 c:/program files (x86)/atmel/studio/7.0/toolchain/avr8/avr8-gnu-toolchain/bin/../lib/gcc/avr/5.4.0/avr5\libgcc.a(_exit.o)
 .text.libgcc.builtins
                0x00000000        0x0 c:/program files (x86)/atmel/studio/7.0/toolchain/avr8/avr8-gnu-toolchain/bin/../lib/gcc/avr/5.4.0/avr5\libgcc.a(_exit.o)
 .text.libgcc.fmul
                0x00000000        0x0 c:/program files (x86)/atmel/studio/7.0/toolchain/avr8/avr8-gnu-toolchain/bin/../lib/gcc/avr/5.4.0/avr5\libgcc.a(_exit.o)
 .text.libgcc.fixed
                0x00000000        0x0 c:/program files (x86)/atmel/studio/7.0/toolchain/avr8/avr8-gnu-toolchain/bin/../lib/gcc/avr/5.4.0/avr5\libgcc.a(_exit.o)
 .text          0x00000000        0x0 c:/program files (x86)/atmel/studio/7.0/toolchain/avr8/avr8-gnu-toolchain/bin/../lib/gcc/avr/5.4.0/avr5\libgcc.a(_copy_data.o)
 .data          0x00000000        0x0 c:/program files (x86)/atmel/studio/7.0/toolchain/avr8/avr8-gnu-toolchain/bin/../lib/gcc/avr/5.4.0/avr5\libgcc.a(_copy_data.o)
 .bss           0x00000000        0x0 c:/program files (x86)/atmel/studio/7.0/toolchain/avr8/avr8-gnu-toolchain/bin/../lib/gcc/avr/5.4.0/avr5\libgcc.a(_copy_data.o)
 .text.libgcc.mul
                0x00000000        0x0 c:/program files (x86)/atmel/studio/7.0/toolchain/avr8/avr8-gnu-toolchain/bin/../lib/gcc/avr/5.4.0/avr5\libgcc.a(_copy_data.o)
 .text.libgcc.div
                0x00000000        0x0 c:/program files (x86)/atmel/studio/7.0/toolchain/avr8/avr8-gnu-toolchain/bin/../lib/gcc/avr/5.4.0/avr5\libgcc.a(_copy_data.o)
 .text.libgcc   0x00000000        0x0 c:/program files (x86)/atmel/studio/7.0/toolchain/avr8/avr8-gnu-toolchain/bin/../lib/gcc/avr/5.4.0/avr5\libgcc.a(_copy_data.o)
 .text.libgcc.prologue
                0x00000000        0x0 c:/program files (x86)/atmel/studio/7.0/toolchain/avr8/avr8-gnu-toolchain/bin/../lib/gcc/avr/5.4.0/avr5\libgcc.a(_copy_data.o)
 .text.libgcc.builtins
                0x00000000        0x0 c:/program files (x86)/atmel/studio/7.0/toolchain/avr8/avr8-gnu-toolchain/bin/../lib/gcc/avr/5.4.0/avr5\libgcc.a(_copy_data.o)
 .text.libgcc.fmul
                0x00000000        0x0 c:/program files (x86)/atmel/studio/7.0/toolchain/avr8/avr8-gnu-toolchain/bin/../lib/gcc/avr/5.4.0/avr5\libgcc.a(_copy_data.o)
 .text.libgcc.fixed
                0x00000000        0x0 c:/program files (x86)/atmel/studio/7.0/toolchain/avr8/avr8-gnu-toolchain/bin/../lib/gcc/avr/5.4.0/avr5\libgcc.a(_copy_data.o)
 .text          0x00000000        0x0 c:/program files (x86)/atmel/studio/7.0/toolchain/avr8/avr8-gnu-toolchain/bin/../lib/gcc/avr/5.4.0/avr5\libgcc.a(_clear_bss.o)
 .data          0x00000000        0x0 c:/program files (x86)/atmel/studio/7.0/toolchain/avr8/avr8-gnu-toolchain/bin/../lib/gcc/avr/5.4.0/avr5\libgcc.a(_clear_bss.o)
 .bss           0x00000000        0x0 c:/program files (x86)/atmel/studio/7.0/toolchain/avr8/avr8-gnu-toolchain/bin/../lib/gcc/avr/5.4.0/avr5\libgcc.a(_clear_bss.o)
 .text.libgcc.mul
                0x00000000        0x0 c:/program files (x86)/atmel/studio/7.0/toolchain/avr8/avr8-gnu-toolchain/bin/../lib/gcc/avr/5.4.0/avr5\libgcc.a(_clear_bss.o)
 .text.libgcc.div
                0x00000000        0x0 c:/program files (x86)/atmel/studio/7.0/toolchain/avr8/avr8-gnu-toolchain/bin/../lib/gcc/avr/5.4.0/avr5\libgcc.a(_clear_bss.o)
 .text.libgcc   0x00000000        0x0 c:/program files (x86)/atmel/studio/7.0/toolchain/avr8/avr8-gnu-toolchain/bin/../lib/gcc/avr/5.4.0/avr5\libgcc.a(_clear_bss.o)
 .text.libgcc.prologue
                0x00000000        0x0 c:/program files (x86)/atmel/studio/7.0/toolchain/avr8/avr8-gnu-toolchain/bin/../lib/gcc/avr/5.4.0/avr5\libgcc.a(_clear_bss.o)
 .text.libgcc.builtins
                0x00000000        0x0 c:/program files (x86)/atmel/studio/7.0/toolchain/avr8/avr8-gnu-toolchain/bin/../lib/gcc/avr/5.4.0/avr5\libgcc.a(_clear_bss.o)
 .text.libgcc.fmul
                0x00000000        0x0 c:/program files (x86)/atmel/studio/7.0/toolchain/avr8/avr8-gnu-toolchain/bin/../lib/gcc/avr/5.4.0/avr5\libgcc.a(_clear_bss.o)
 .text.libgcc.fixed
                0x00000000        0x0 c:/program files (x86)/atmel/studio/7.0/toolchain/avr8/avr8-gnu-toolchain/bin/../lib/gcc/avr/5.4.0/avr5\libgcc.a(_clear_bss.o)
 .text          0x00000000        0x0 c:/program files (x86)/atmel/studio/7.0/toolchain/avr8/avr8-gnu-toolchain/bin/../lib/gcc/avr/5.4.0/avr5\libgcc.a(_umulhisi3.o)
 .data          0x00000000        0x0 c:/program files (x86)/atmel/studio/7.0/toolchain/avr8/avr8-gnu-toolchain/bin/../lib/gcc/avr/5.4.0/avr5\libgcc.a(_umulhisi3.o)
 .bss           0x00000000        0x0 c:/program files (x86)/atmel/studio/7.0/toolchain/avr8/avr8-gnu-toolchain/bin/../lib/gcc/avr/5.4.0/avr5\libgcc.a(_umulhisi3.o)
 .text.libgcc.div
                0x00000000        0x0 c:/program files (x86)/atmel/studio/7.0/toolchain/avr8/avr8-gnu-toolchain/bin/../lib/gcc/avr/5.4.0/avr5\libgcc.a(_umulhisi3.o)
 .text.libgcc   0x00000000        0x0 c:/program files (x86)/atmel/studio/7.0/toolchain/avr8/avr8-gnu-toolchain/bin/../lib/gcc/avr/5.4.0/avr5\libgcc.a(_umulhisi3.o)
 .text.libgcc.prologue
                0x00000000        0x0 c:/program files (x86)/atmel/studio/7.0/toolchain/avr8/avr8-gnu-toolchain/bin/../lib/gcc/avr/5.4.0/avr5\libgcc.a(_umulhisi3.o)
 .text.libgcc.builtins
                0x00000000        0x0 c:/program files (x86)/atmel/studio/7.0/toolchain/avr8/avr8-gnu-toolchain/bin/../lib/gcc/avr/5.4.0/avr5\libgcc.a(_umulhisi3.o)
 .text.libgcc.fmul
                0x00000000        0x0 c:/program files (x86)/atmel/studio/7.0/toolchain/avr8/avr8-gnu-toolchain/bin/../lib/gcc/avr/5.4.0/avr5\libgcc.a(_umulhisi3.o)
 .text.libgcc.fixed
                0x00000000        0x0 c:/program files (x86)/atmel/studio/7.0/toolchain/avr8/avr8-gnu-toolchain/bin/../lib/gcc/avr/5.4.0/avr5\libgcc.a(_umulhisi3.o)
 .text          0x00000000        0x0 c:/program files (x86)/atmel/studio/7.0/toolchain/avr8/avr8-gnu-toolchain/bin/../lib/gcc/avr/5.4.0/avr5\libgcc.a(_udivmodsi4.o)
 .data          0x00000000        0x0 c:/program files (x86)/atmel/studio/7.0/toolchain/avr8/avr8-gnu-toolchain/bin/../lib/gcc/avr/5.4.0/avr5\libgcc.a(_udivmodsi4.o)
 .bss           0x00000000        0x0 c:/program files (x86)/atmel/studio/7.0/toolchain/avr8/avr8-gnu-toolchain/bin/../lib/gcc/avr/5.4.0/avr5\libgcc.a(_udivmodsi4.o)
 .text.libgcc.mul
                0x00000000        0x0 c:/program files (x86)/atmel/studio/7.0/toolchain/avr8/avr8-gnu-toolchain/bin/../lib/gcc/avr/5.4.0/avr5\libgcc.a(_udivmodsi4.o)
 .text.libgcc   0x00000000        0x0 c:/program files (x86)/atmel/studio/7.0/toolchain/avr8/avr8-gnu-toolchain/bin/../lib/gcc/avr/5.4.0/avr5\libgcc.a(_udivmodsi4.o)
 .text.libgcc.prologue
                0x00000000        0x0 c:/program files (x86)/atmel/studio/7.0/toolchain/avr8/avr8-gnu-toolchain/bin/../lib/gcc/avr/5.4.0/avr5\libgcc.a(_udivmodsi4.o)
 .text.libgcc.builtins
                0x00000000        0x0 c:/program files (x86)/atmel/studio/7.0/toolchain/avr8/avr8-gnu-toolchain/bin/../lib/gcc/avr/5.4.0/avr5\libgcc.a(_udivmodsi4.o)
 .text.libgcc.fmul
                0x00000000        0x0 c:/program files (x86)/atmel/studio/7.0/toolchain/avr8/avr8-gnu-toolchain/bin/../lib/gcc/avr/5.4.0/avr5\libgcc.a(_udivmodsi4.o)
 .text.libgcc.fixed
                0x00000000        0x0 c:/program files (x86)/atmel/studio/7.0/toolchain/avr8/avr8-gnu-toolchain/bin/../lib/gcc/avr/5.4.0/avr5\libgcc.a(_udivmodsi4.o)

Memory Configuration

Name             Origin             Length             Attributes
text             0x00000000         0x00008000         xr
data             0x00800060         0x00000800         rw !x
eeprom           0x00810000         0x00000400         rw !x
fuse             0x00820000         0x00000002         rw !x
lock             0x00830000         0x00000400         rw !x
signature        0x00840000         0x00000400         rw !x
user_signatures  0x00850000         0x00000400         rw !x
*default*        0x00000000         0xffffffff

Linker script and memory map

LOAD C:/Program Files (x86)/Atmel/Studio/7.0/Packs/atmel/ATmega_DFP/1.7.374/gcc/dev/atmega32/avr5/crtatmega32.o
LOAD APP/app.o
LOAD HAL/button/button.o
LOAD HAL/keypad/keypad.o
LOAD HAL/lcd/lcd.o
LOAD HAL/motor/motor.o
LOAD HAL/ultrasonic/us.o
LOAD main.o
LOAD MCAL/dio/dio.o
LOAD MCAL/dio/dio_cfg.o
LOAD MCAL/icu/icu.o
LOAD MCAL/Interrupt/exi.o
LOAD MCAL/pwm/pwm.o
LOAD MCAL/pwm/pwm_lcfg.o
LOAD MCAL/timers/timer.o
START GROUP
LOAD c:/program files (x86)/atmel/studio/7.0/toolchain/avr8/avr8-gnu-toolchain/bin/../lib/gcc/avr/5.4.0/../../../../avr/lib/avr5\libm.a
END GROUP
START GROUP
LOAD c:/program files (x86)/atmel/studio/7.0/toolchain/avr8/avr8-gnu-toolchain/bin/../lib/gcc/avr/5.4.0/avr5\libgcc.a
LOAD c:/program files (x86)/atmel/studio/7.0/toolchain/avr8/avr8-gnu-toolchain/bin/../lib/gcc/avr/5.4.0/../../../../avr/lib/avr5\libm.a
LOAD c:/program files (x86)/atmel/studio/7.0/toolchain/avr8/avr8-gnu-toolchain/bin/../lib/gcc/avr/5.4.0/../../../../avr/lib/avr5\libc.a
LOAD C:/Program Files (x86)/Atmel/Studio/7.0/Packs/atmel/ATmega_DFP/1.7.374/gcc/dev/atmega32/avr5\libatmega32.a
END GROUP
                0x00000000                __TEXT_REGION_ORIGIN__ = DEFINED (__TEXT_REGION_ORIGIN__)?__TEXT_REGION_ORIGIN__:0x0
                [0x00800060]                __DATA_REGION_ORIGIN__ = DEFINED (__DATA_REGION_ORIGIN__)?__DATA_REGION_ORIGIN__:0x800060
                [0x00008000]                __TEXT_REGION_LENGTH__ = DEFINED (__TEXT_REGION_LENGTH__)?__TEXT_REGION_LENGTH__:0x20000
                [0x00000800]                __DATA_REGION_LENGTH__ = DEFINED (__DATA_REGION_LENGTH__)?__DATA_REGION_LENGTH__:0xffa0
                [0x00000400]                __EEPROM_REGION_LENGTH__ = DEFINED (__EEPROM_REGION_LENGTH__)?__EEPROM_REGION_LENGTH__:0x10000
                [0x00000002]                __FUSE_REGION_LENGTH__ = DEFINED (__FUSE_REGION_LENGTH__)?__FUSE_REGION_LENGTH__:0x400
                0x00000400                __LOCK_REGION_LENGTH__ = DEFINED (__LOCK_REGION_LENGTH__)?__LOCK_REGION_LENGTH__:0x400
                0x00000400                __SIGNATURE_REGION_LENGTH__ = DEFINED (__SIGNATURE_REGION_LENGTH__)?__SIGNATURE_REGION_LENGTH__:0x400
                0x00000400                __USER_SIGNATURE_REGION_LENGTH__ = DEFINED (__USER_SIGNATURE_REGION_LENGTH__)?__USER_SIGNATURE_REGION_LENGTH__:0x400

.hash
 *(.hash)

.dynsym
 *(.dynsym)

.dynstr
 *(.dynstr)

.gnu.version
 *(.gnu.version)

.gnu.version_d
 *(.gnu.version_d)

.gnu.version_r
 *(.gnu.version_r)

.rel.init
 *(.rel.init)

.rela.init
 *(.rela.init)

.rel.text
 *(.rel.text)
 *(.rel.text.*)
 *(.rel.gnu.linkonce.t*)

.rela.text
 *(.rela.text)
 *(.rela.text.*)
 *(.rela.gnu.linkonce.t*)

.rel.fini
 *(.rel.fini)

.rela.fini
 *(.rela.fini)

.rel.rodata
 *(.rel.rodata)
 *(.rel.rodata.*)
 *(.rel.gnu.linkonce.r*)

.rela.rodata
 *(.rela.rodata)
 *(.rela.rodata.*)
 *(.rela.gnu.linkonce.r*)

.rel.data
 *(.rel.data)
 *(.rel.data.*)
 *(.rel.gnu.linkonce.d*)

.rela.data
 *(.rela.data)
 *(.rela.data.*)
 *(.rela.gnu.linkonce.d*)

.rel.ctors
 *(.rel.ctors)

.rela.ctors
 *(.rela.ctors)

.rel.dtors
 *(.rel.dtors)

.rela.dtors
 *(.rela.dtors)

.rel.got
 *(.rel.got)

.rela.got
 *(.rela.got)

.rel.bss
 *(.rel.bss)

.rela.bss
 *(.rela.bss)

.rel.plt
 *(.rel.plt)

.rela.plt
 *(.rela.plt)

.text           0x00000000     0x1af6
 *(.vectors)
 .vectors       0x00000000       0x54 C:/Program Files (x86)/Atmel/Studio/7.0/Packs/atmel/ATmega_DFP/1.7.374/gcc/dev/atmega32/avr5/crtatmega32.o
                0x00000000                __vector_default
                0x00000000                __vectors
 *(.vectors)
 *(.progmem.gcc*)
                0x00000054                . = ALIGN (0x2)
                0x00000054                __trampolines_start = .
 *(.trampolines)
 .trampolines   0x00000054        0x0 linker stubs
 *(.trampolines*)
                0x00000054                __trampolines_end = .
 *libprintf_flt.a:*(.progmem.data)
 *libc.a:*(.progmem.data)
 *(.progmem*)
                0x00000054                . = ALIGN (0x2)
 *(.jumptables)
 *(.jumptables*)
 *(.lowtext)
 *(.lowtext*)
                0x00000054                __ctors_start = .
 *(.ctors)
                0x00000054                __ctors_end = .
                0x00000054                __dtors_start = .
 *(.dtors)
                0x00000054                __dtors_end = .
 SORT(*)(.ctors)
 SORT(*)(.dtors)
 *(.init0)
 .init0         0x00000054        0x0 C:/Program Files (x86)/Atmel/Studio/7.0/Packs/atmel/ATmega_DFP/1.7.374/gcc/dev/atmega32/avr5/crtatmega32.o
                0x00000054                __init
 *(.init0)
 *(.init1)
 *(.init1)
 *(.init2)
 .init2         0x00000054        0xc C:/Program Files (x86)/Atmel/Studio/7.0/Packs/atmel/ATmega_DFP/1.7.374/gcc/dev/atmega32/avr5/crtatmega32.o
 *(.init2)
 *(.init3)
 *(.init3)
 *(.init4)
 .init4         0x00000060       0x16 c:/program files (x86)/atmel/studio/7.0/toolchain/avr8/avr8-gnu-toolchain/bin/../lib/gcc/avr/5.4.0/avr5\libgcc.a(_copy_data.o)
                0x00000060                __do_copy_data
 .init4         0x00000076       0x10 c:/program files (x86)/atmel/studio/7.0/toolchain/avr8/avr8-gnu-toolchain/bin/../lib/gcc/avr/5.4.0/avr5\libgcc.a(_clear_bss.o)
                0x00000076                __do_clear_bss
 *(.init4)
 *(.init5)
 *(.init5)
 *(.init6)
 *(.init6)
 *(.init7)
 *(.init7)
 *(.init8)
 *(.init8)
 *(.init9)
 .init9         0x00000086        0x8 C:/Program Files (x86)/Atmel/Studio/7.0/Packs/atmel/ATmega_DFP/1.7.374/gcc/dev/atmega32/avr5/crtatmega32.o
 *(.init9)
 *(.text)
 .text          0x0000008e        0x4 C:/Program Files (x86)/Atmel/Studio/7.0/Packs/atmel/ATmega_DFP/1.7.374/gcc/dev/atmega32/avr5/crtatmega32.o
                0x0000008e                __vector_12
                0x0000008e                __bad_interrupt
                0x0000008e                __vector_13
                0x0000008e                __vector_17
                0x0000008e                __vector_19
                0x0000008e                __vector_7
                0x0000008e                __vector_4
                0x0000008e                __vector_15
                0x0000008e                __vector_14
                0x0000008e                __vector_10
                0x0000008e                __vector_16
                0x0000008e                __vector_18
                0x0000008e                __vector_20
                0x00000092                . = ALIGN (0x2)
 *(.text.*)
 .text.Speed_50_check
                0x00000092       0x7c APP/app.o
                0x00000092                Speed_50_check
 .text.car_Forward_30
                0x0000010e       0x56 APP/app.o
                0x0000010e                car_Forward_30
 .text.car_Forward_50
                0x00000164       0x56 APP/app.o
                0x00000164                car_Forward_50
 .text.car_Rotating
                0x000001ba       0x76 APP/app.o
                0x000001ba                car_Rotating
 .text.car_Backword_30
                0x00000230       0x6c APP/app.o
                0x00000230                car_Backword_30
 .text.Car_Stopping
                0x0000029c       0x68 APP/app.o
                0x0000029c                Car_Stopping
 .text.startStage
                0x00000304       0xe4 APP/app.o
                0x00000304                startStage
 .text.app_init
                0x000003e8       0x38 APP/app.o
                0x000003e8                app_init
 .text.app_start
                0x00000420       0xd8 APP/app.o
                0x00000420                app_start
 .text.Is_pressed
                0x000004f8       0x3e HAL/button/button.o
                0x000004f8                Is_pressed
 .text.KEYPAD_init
                0x00000536       0x34 HAL/keypad/keypad.o
                0x00000536                KEYPAD_init
 .text.KEYPAD_getpressedkey
                0x0000056a       0xa0 HAL/keypad/keypad.o
                0x0000056a                KEYPAD_getpressedkey
 .text.WriteIns
                0x0000060a       0xc0 HAL/lcd/lcd.o
 .text.WriteData
                0x000006ca       0xc0 HAL/lcd/lcd.o
 .text.LCD_Init
                0x0000078a       0x3e HAL/lcd/lcd.o
                0x0000078a                LCD_Init
 .text.LCD_WriteChar
                0x000007c8        0x6 HAL/lcd/lcd.o
                0x000007c8                LCD_WriteChar
 .text.LCD_WriteString
                0x000007ce       0x26 HAL/lcd/lcd.o
                0x000007ce                LCD_WriteString
 .text.LCD_SetCursor
                0x000007f4       0x1c HAL/lcd/lcd.o
                0x000007f4                LCD_SetCursor
 .text.LCD_Clear
                0x00000810       0x14 HAL/lcd/lcd.o
                0x00000810                LCD_Clear
 .text.LCD_WriteNumber
                0x00000824       0xc2 HAL/lcd/lcd.o
                0x00000824                LCD_WriteNumber
 .text.LCD_PinsInit
                0x000008e6       0x3a HAL/lcd/lcd.o
                0x000008e6                LCD_PinsInit
 .text.Car_Motors_init
                0x00000920       0x24 HAL/motor/motor.o
                0x00000920                Car_Motors_init
 .text.Car_Moving_FWD
                0x00000944       0x24 HAL/motor/motor.o
                0x00000944                Car_Moving_FWD
 .text.Car_Moving_BWD
                0x00000968       0x24 HAL/motor/motor.o
                0x00000968                Car_Moving_BWD
 .text.Car_Stop
                0x0000098c       0x24 HAL/motor/motor.o
                0x0000098c                Car_Stop
 .text.Car_Rotate_Right
                0x000009b0       0x24 HAL/motor/motor.o
                0x000009b0                Car_Rotate_Right
 .text.Car_Rotate_Left
                0x000009d4       0x24 HAL/motor/motor.o
                0x000009d4                Car_Rotate_Left
 .text.US_trigger
                0x000009f8       0x20 HAL/ultrasonic/us.o
 .text.US_init  0x00000a18        0x6 HAL/ultrasonic/us.o
                0x00000a18                US_init
 .text.US_getdistance
                0x00000a1e       0x48 HAL/ultrasonic/us.o
                0x00000a1e                US_getdistance
 .text.main     0x00000a66        0xa main.o
                0x00000a66                main
 .text.DIO_initpin
                0x00000a70      0x222 MCAL/dio/dio.o
                0x00000a70                DIO_initpin
 .text.DIO_Init_All
                0x00000c92       0x20 MCAL/dio/dio.o
                0x00000c92                DIO_Init_All
 .text.DIO_writepin
                0x00000cb2      0x12a MCAL/dio/dio.o
                0x00000cb2                DIO_writepin
 .text.DIO_readpin
                0x00000ddc       0x8e MCAL/dio/dio.o
                0x00000ddc                DIO_readpin
 .text.ICU_Read_callbackfun
                0x00000e6a       0x4c MCAL/icu/icu.o
 .text.ICU_init
                0x00000eb6       0x22 MCAL/icu/icu.o
                0x00000eb6                ICU_init
 .text.ICU_Read
                0x00000ed8       0x76 MCAL/icu/icu.o
                0x00000ed8                ICU_Read
 .text.EXI_Enable
                0x00000f4e       0x24 MCAL/Interrupt/exi.o
                0x00000f4e                EXI_Enable
 .text.EXI_TriggerEdge
                0x00000f72       0xc0 MCAL/Interrupt/exi.o
                0x00000f72                EXI_TriggerEdge
 .text.EXI_SetCallBack
                0x00001032       0x2a MCAL/Interrupt/exi.o
                0x00001032                EXI_SetCallBack
 .text.__vector_1
                0x0000105c       0x52 MCAL/Interrupt/exi.o
                0x0000105c                __vector_1
 .text.__vector_2
                0x000010ae       0x52 MCAL/Interrupt/exi.o
                0x000010ae                __vector_2
 .text.__vector_3
                0x00001100       0x52 MCAL/Interrupt/exi.o
                0x00001100                __vector_3
 .text.waveGen  0x00001152       0xa6 MCAL/pwm/pwm.o
                0x00001152                waveGen
 .text.pwm_init
                0x000011f8       0x1c MCAL/pwm/pwm.o
                0x000011f8                pwm_init
 .text.PWM_set_duty
                0x00001214       0xd4 MCAL/pwm/pwm.o
                0x00001214                PWM_set_duty
 .text.TIMER0_Init
                0x000012e8       0x48 MCAL/timers/timer.o
                0x000012e8                TIMER0_Init
 .text.timer_start
                0x00001330       0x18 MCAL/timers/timer.o
                0x00001330                timer_start
 .text.TIMER0_OV_SetCallBack
                0x00001348        0xa MCAL/timers/timer.o
                0x00001348                TIMER0_OV_SetCallBack
 .text.__vector_11
                0x00001352       0x52 MCAL/timers/timer.o
                0x00001352                __vector_11
 .text.TIMER0_OV_InterruptEnable
                0x000013a4        0x8 MCAL/timers/timer.o
                0x000013a4                TIMER0_OV_InterruptEnable
 .text.Timer1_Init
                0x000013ac       0xa8 MCAL/timers/timer.o
                0x000013ac                Timer1_Init
 .text.__vector_9
                0x00001454       0x52 MCAL/timers/timer.o
                0x00001454                __vector_9
 .text.__vector_8
                0x000014a6       0x52 MCAL/timers/timer.o
                0x000014a6                __vector_8
 .text.__vector_6
                0x000014f8       0x52 MCAL/timers/timer.o
                0x000014f8                __vector_6
 .text.timer1_ReadCounts
                0x0000154a        0xc MCAL/timers/timer.o
                0x0000154a                timer1_ReadCounts
 .text.timer1_setTimerValue
                0x00001556        0x8 MCAL/timers/timer.o
                0x00001556                timer1_setTimerValue
 .text.TIMER2_Init
                0x0000155e       0x48 MCAL/timers/timer.o
                0x0000155e                TIMER2_Init
 .text.TIMER_2_setIntialValue
                0x000015a6        0x6 MCAL/timers/timer.o
                0x000015a6                TIMER_2_setIntialValue
 .text.timer2_start
                0x000015ac       0x18 MCAL/timers/timer.o
                0x000015ac                timer2_start
 .text.TIMER2_OV_InterruptEnable
                0x000015c4        0x8 MCAL/timers/timer.o
                0x000015c4                TIMER2_OV_InterruptEnable
 .text.TIMER_2_INT
                0x000015cc       0x18 MCAL/timers/timer.o
                0x000015cc                TIMER_2_INT
 .text.TIMER2_OV_SetCallBack
                0x000015e4        0xa MCAL/timers/timer.o
                0x000015e4                TIMER2_OV_SetCallBack
 .text.__vector_5
                0x000015ee       0x52 MCAL/timers/timer.o
                0x000015ee                __vector_5
 .text.avr-libc.fplib
                0x00001640        0xe c:/program files (x86)/atmel/studio/7.0/toolchain/avr8/avr8-gnu-toolchain/bin/../lib/gcc/avr/5.4.0/../../../../avr/lib/avr5\libm.a(addsf3.o)
                0x00001640                __subsf3
                0x00001642                __addsf3
 .text.avr-libc.fplib
                0x0000164e       0xcc c:/program files (x86)/atmel/studio/7.0/toolchain/avr8/avr8-gnu-toolchain/bin/../lib/gcc/avr/5.4.0/../../../../avr/lib/avr5\libm.a(addsf3x.o)
                0x00001670                __addsf3x
 .text.avr-libc.fplib
                0x0000171a        0x8 c:/program files (x86)/atmel/studio/7.0/toolchain/avr8/avr8-gnu-toolchain/bin/../lib/gcc/avr/5.4.0/../../../../avr/lib/avr5\libm.a(divsf3.o)
                0x0000171a                __divsf3
 .text.avr-libc.fplib
                0x00001722       0xdc c:/program files (x86)/atmel/studio/7.0/toolchain/avr8/avr8-gnu-toolchain/bin/../lib/gcc/avr/5.4.0/../../../../avr/lib/avr5\libm.a(divsf3x.o)
                0x00001742                __divsf3x
                0x00001748                __divsf3_pse
 .text.avr-libc.fplib
                0x000017fe       0x5e c:/program files (x86)/atmel/studio/7.0/toolchain/avr8/avr8-gnu-toolchain/bin/../lib/gcc/avr/5.4.0/../../../../avr/lib/avr5\libm.a(fixunssfsi.o)
                0x000017fe                __fixunssfsi
 .text.avr-libc.fplib
                0x0000185c       0x7a c:/program files (x86)/atmel/studio/7.0/toolchain/avr8/avr8-gnu-toolchain/bin/../lib/gcc/avr/5.4.0/../../../../avr/lib/avr5\libm.a(floatsisf.o)
                0x0000185c                __floatunsisf
                0x00001860                __floatsisf
 .text.avr-libc.fplib
                0x000018d6        0xc c:/program files (x86)/atmel/studio/7.0/toolchain/avr8/avr8-gnu-toolchain/bin/../lib/gcc/avr/5.4.0/../../../../avr/lib/avr5\libm.a(fp_inf.o)
                0x000018d6                __fp_inf
 .text.avr-libc.fplib
                0x000018e2        0x6 c:/program files (x86)/atmel/studio/7.0/toolchain/avr8/avr8-gnu-toolchain/bin/../lib/gcc/avr/5.4.0/../../../../avr/lib/avr5\libm.a(fp_nan.o)
                0x000018e2                __fp_nan
 .text.avr-libc.fplib
                0x000018e8        0xe c:/program files (x86)/atmel/studio/7.0/toolchain/avr8/avr8-gnu-toolchain/bin/../lib/gcc/avr/5.4.0/../../../../avr/lib/avr5\libm.a(fp_pscA.o)
                0x000018e8                __fp_pscA
 .text.avr-libc.fplib
                0x000018f6        0xe c:/program files (x86)/atmel/studio/7.0/toolchain/avr8/avr8-gnu-toolchain/bin/../lib/gcc/avr/5.4.0/../../../../avr/lib/avr5\libm.a(fp_pscB.o)
                0x000018f6                __fp_pscB
 .text.avr-libc.fplib
                0x00001904       0x22 c:/program files (x86)/atmel/studio/7.0/toolchain/avr8/avr8-gnu-toolchain/bin/../lib/gcc/avr/5.4.0/../../../../avr/lib/avr5\libm.a(fp_round.o)
                0x00001904                __fp_round
 .text.avr-libc.fplib
                0x00001926       0x44 c:/program files (x86)/atmel/studio/7.0/toolchain/avr8/avr8-gnu-toolchain/bin/../lib/gcc/avr/5.4.0/../../../../avr/lib/avr5\libm.a(fp_split3.o)
                0x00001926                __fp_split3
                0x00001936                __fp_splitA
 .text.avr-libc.fplib
                0x0000196a        0xe c:/program files (x86)/atmel/studio/7.0/toolchain/avr8/avr8-gnu-toolchain/bin/../lib/gcc/avr/5.4.0/../../../../avr/lib/avr5\libm.a(fp_zero.o)
                0x0000196a                __fp_zero
                0x0000196c                __fp_szero
 .text.avr-libc.fplib
                0x00001978        0x8 c:/program files (x86)/atmel/studio/7.0/toolchain/avr8/avr8-gnu-toolchain/bin/../lib/gcc/avr/5.4.0/../../../../avr/lib/avr5\libm.a(mulsf3.o)
                0x00001978                __mulsf3
 .text.avr-libc.fplib
                0x00001980       0xd2 c:/program files (x86)/atmel/studio/7.0/toolchain/avr8/avr8-gnu-toolchain/bin/../lib/gcc/avr/5.4.0/../../../../avr/lib/avr5\libm.a(mulsf3x.o)
                0x0000199e                __mulsf3x
                0x000019a4                __mulsf3_pse
 .text.libgcc.div
                0x00001a52       0x2e c:/program files (x86)/atmel/studio/7.0/toolchain/avr8/avr8-gnu-toolchain/bin/../lib/gcc/avr/5.4.0/avr5\libgcc.a(_divmodsi4.o)
                0x00001a52                __divmodsi4
 .text.libgcc.div
                0x00001a80       0x10 c:/program files (x86)/atmel/studio/7.0/toolchain/avr8/avr8-gnu-toolchain/bin/../lib/gcc/avr/5.4.0/avr5\libgcc.a(_negsi2.o)
                0x00001a80                __negsi2
 .text.libgcc.mul
                0x00001a90       0x1e c:/program files (x86)/atmel/studio/7.0/toolchain/avr8/avr8-gnu-toolchain/bin/../lib/gcc/avr/5.4.0/avr5\libgcc.a(_umulhisi3.o)
                0x00001a90                __umulhisi3
 .text.libgcc.div
                0x00001aae       0x44 c:/program files (x86)/atmel/studio/7.0/toolchain/avr8/avr8-gnu-toolchain/bin/../lib/gcc/avr/5.4.0/avr5\libgcc.a(_udivmodsi4.o)
                0x00001aae                __udivmodsi4
                0x00001af2                . = ALIGN (0x2)
 *(.fini9)
 .fini9         0x00001af2        0x0 c:/program files (x86)/atmel/studio/7.0/toolchain/avr8/avr8-gnu-toolchain/bin/../lib/gcc/avr/5.4.0/avr5\libgcc.a(_exit.o)
                0x00001af2                _exit
                0x00001af2                exit
 *(.fini9)
 *(.fini8)
 *(.fini8)
 *(.fini7)
 *(.fini7)
 *(.fini6)
 *(.fini6)
 *(.fini5)
 *(.fini5)
 *(.fini4)
 *(.fini4)
 *(.fini3)
 *(.fini3)
 *(.fini2)
 *(.fini2)
 *(.fini1)
 *(.fini1)
 *(.fini0)
 .fini0         0x00001af2        0x4 c:/program files (x86)/atmel/studio/7.0/toolchain/avr8/avr8-gnu-toolchain/bin/../lib/gcc/avr/5.4.0/avr5\libgcc.a(_exit.o)
 *(.fini0)
                0x00001af6                _etext = .

.data           0x00800060       0xb8 load address 0x00001af6
                0x00800060                PROVIDE (__data_start, .)
 *(.data)
 *(.data*)
 .data.g_start_Flag
                0x00800060        0x1 APP/app.o
                0x00800060                g_start_Flag
 .data.g_counter
                0x00800061        0x1 APP/app.o
                0x00800061                g_counter
 .data.Row_Arr  0x00800062        0x3 HAL/keypad/keypad.o
                0x00800062                Row_Arr
 .data.Col_Arr  0x00800065        0x3 HAL/keypad/keypad.o
                0x00800065                Col_Arr
 .data.g_speed_flag
                0x00800068        0x1 MCAL/timers/timer.o
                0x00800068                g_speed_flag
 *(.gnu.linkonce.d*)
 *(.rodata)
 *(.rodata*)
 .rodata.str1.1
                0x00800069       0x85 APP/app.o
 .rodata.Button_Arr
                0x008000ee        0x9 HAL/keypad/keypad.o
 .rodata.PinsStatusArray
                0x008000f7       0x20 MCAL/dio/dio_cfg.o
                0x008000f7                PinsStatusArray
 *(.gnu.linkonce.r*)
                0x00800118                . = ALIGN (0x2)
 *fill*         0x00800117        0x1 
                0x00800118                _edata = .
                0x00800118                PROVIDE (__data_end, .)

.bss            0x00800118       0x2d
                0x00800118                PROVIDE (__bss_start, .)
 *(.bss)
 *(.bss*)
 .bss.ICU_flag  0x00800118        0x2 MCAL/icu/icu.o
 .bss.t2        0x0080011a        0x2 MCAL/icu/icu.o
 .bss.t1        0x0080011c        0x2 MCAL/icu/icu.o
 .bss.INT2_Fptr
                0x0080011e        0x2 MCAL/Interrupt/exi.o
 .bss.INT1_Fptr
                0x00800120        0x2 MCAL/Interrupt/exi.o
 .bss.INT0_Fptr
                0x00800122        0x2 MCAL/Interrupt/exi.o
 .bss.OV.2058   0x00800124        0x4 MCAL/pwm/pwm.o
 .bss.u32_OFFTicks
                0x00800128        0x4 MCAL/pwm/pwm.o
                0x00800128                u32_OFFTicks
 .bss.u32_ONTicks
                0x0080012c        0x4 MCAL/pwm/pwm.o
                0x0080012c                u32_ONTicks
 .bss.mode_ovf  0x00800130        0x4 MCAL/timers/timer.o
                0x00800130                mode_ovf
 .bss.car_mode  0x00800134        0x1 MCAL/timers/timer.o
                0x00800134                car_mode
 .bss.Timer2_OVF_Fptr
                0x00800135        0x2 MCAL/timers/timer.o
 .bss.Timer1_ICU_Fptr
                0x00800137        0x2 MCAL/timers/timer.o
 .bss.Timer1_OCB_Fptr
                0x00800139        0x2 MCAL/timers/timer.o
 .bss.Timer1_OVF_Fptr
                0x0080013b        0x2 MCAL/timers/timer.o
 .bss.Timer0_OVF_Fptr
                0x0080013d        0x2 MCAL/timers/timer.o
 *(COMMON)
 COMMON         0x0080013f        0x6 APP/app.o
                0x0080013f                g_distance
                0x00800141                ovf
                0x00800145                PROVIDE (__bss_end, .)
                0x00001af6                __data_load_start = LOADADDR (.data)
                0x00001bae                __data_load_end = (__data_load_start + SIZEOF (.data))

.noinit         0x00800145        0x0
                [!provide]                PROVIDE (__noinit_start, .)
 *(.noinit*)
                [!provide]                PROVIDE (__noinit_end, .)
                0x00800145                _end = .
                [!provide]                PROVIDE (__heap_start, .)

.eeprom         0x00810000        0x0
 *(.eeprom*)
                0x00810000                __eeprom_end = .

.fuse
 *(.fuse)
 *(.lfuse)
 *(.hfuse)
 *(.efuse)

.lock
 *(.lock*)

.signature
 *(.signature*)

.user_signatures
 *(.user_signatures*)

.stab
 *(.stab)

.stabstr
 *(.stabstr)

.stab.excl
 *(.stab.excl)

.stab.exclstr
 *(.stab.exclstr)

.stab.index
 *(.stab.index)

.stab.indexstr
 *(.stab.indexstr)

.comment        0x00000000       0x30
 *(.comment)
 .comment       0x00000000       0x30 APP/app.o
                                 0x31 (size before relaxing)
 .comment       0x00000030       0x31 HAL/button/button.o
 .comment       0x00000030       0x31 HAL/keypad/keypad.o
 .comment       0x00000030       0x31 HAL/lcd/lcd.o
 .comment       0x00000030       0x31 HAL/motor/motor.o
 .comment       0x00000030       0x31 HAL/ultrasonic/us.o
 .comment       0x00000030       0x31 main.o
 .comment       0x00000030       0x31 MCAL/dio/dio.o
 .comment       0x00000030       0x31 MCAL/dio/dio_cfg.o
 .comment       0x00000030       0x31 MCAL/icu/icu.o
 .comment       0x00000030       0x31 MCAL/Interrupt/exi.o
 .comment       0x00000030       0x31 MCAL/pwm/pwm.o
 .comment       0x00000030       0x31 MCAL/timers/timer.o

.note.gnu.avr.deviceinfo
                0x00000000       0x3c
 .note.gnu.avr.deviceinfo
                0x00000000       0x3c C:/Program Files (x86)/Atmel/Studio/7.0/Packs/atmel/ATmega_DFP/1.7.374/gcc/dev/atmega32/avr5/crtatmega32.o

.note.gnu.build-id
 *(.note.gnu.build-id)

.debug
 *(.debug)

.line
 *(.line)

.debug_srcinfo
 *(.debug_srcinfo)

.debug_sfnames
 *(.debug_sfnames)

.debug_aranges  0x00000000      0x468
 *(.debug_aranges)
 .debug_aranges
                0x00000000       0x60 APP/app.o
 .debug_aranges
                0x00000060       0x20 HAL/button/button.o
 .debug_aranges
                0x00000080       0x28 HAL/keypad/keypad.o
 .debug_aranges
                0x000000a8       0x80 HAL/lcd/lcd.o
 .debug_aranges
                0x00000128       0x48 HAL/motor/motor.o
 .debug_aranges
                0x00000170       0x30 HAL/ultrasonic/us.o
 .debug_aranges
                0x000001a0       0x20 main.o
 .debug_aranges
                0x000001c0       0x48 MCAL/dio/dio.o
 .debug_aranges
                0x00000208       0x18 MCAL/dio/dio_cfg.o
 .debug_aranges
                0x00000220       0x30 MCAL/icu/icu.o
 .debug_aranges
                0x00000250       0x58 MCAL/Interrupt/exi.o
 .debug_aranges
                0x000002a8       0x40 MCAL/pwm/pwm.o
 .debug_aranges
                0x000002e8      0x180 MCAL/timers/timer.o

.debug_pubnames
 *(.debug_pubnames)

.debug_info     0x00000000     0x46f2
 *(.debug_info .gnu.linkonce.wi.*)
 .debug_info    0x00000000      0x4e6 C:/Program Files (x86)/Atmel/Studio/7.0/Packs/atmel/ATmega_DFP/1.7.374/gcc/dev/atmega32/avr5/crtatmega32.o
 .debug_info    0x000004e6      0xbfb APP/app.o
 .debug_info    0x000010e1      0x17e HAL/button/button.o
 .debug_info    0x0000125f      0x3a5 HAL/keypad/keypad.o
 .debug_info    0x00001604      0xbeb HAL/lcd/lcd.o
 .debug_info    0x000021ef      0x4a9 HAL/motor/motor.o
 .debug_info    0x00002698      0x35d HAL/ultrasonic/us.o
 .debug_info    0x000029f5       0xca main.o
 .debug_info    0x00002abf      0x483 MCAL/dio/dio.o
 .debug_info    0x00002f42      0x1a2 MCAL/dio/dio_cfg.o
 .debug_info    0x000030e4      0x38d MCAL/icu/icu.o
 .debug_info    0x00003471      0x279 MCAL/Interrupt/exi.o
 .debug_info    0x000036ea      0x4c8 MCAL/pwm/pwm.o
 .debug_info    0x00003bb2      0xb40 MCAL/timers/timer.o

.debug_abbrev   0x00000000     0x156b
 *(.debug_abbrev)
 .debug_abbrev  0x00000000      0x4a3 C:/Program Files (x86)/Atmel/Studio/7.0/Packs/atmel/ATmega_DFP/1.7.374/gcc/dev/atmega32/avr5/crtatmega32.o
 .debug_abbrev  0x000004a3      0x1a7 APP/app.o
 .debug_abbrev  0x0000064a       0xea HAL/button/button.o
 .debug_abbrev  0x00000734      0x15a HAL/keypad/keypad.o
 .debug_abbrev  0x0000088e      0x1d6 HAL/lcd/lcd.o
 .debug_abbrev  0x00000a64       0xac HAL/motor/motor.o
 .debug_abbrev  0x00000b10      0x1aa HAL/ultrasonic/us.o
 .debug_abbrev  0x00000cba       0x68 main.o
 .debug_abbrev  0x00000d22      0x152 MCAL/dio/dio.o
 .debug_abbrev  0x00000e74       0x75 MCAL/dio/dio_cfg.o
 .debug_abbrev  0x00000ee9      0x194 MCAL/icu/icu.o
 .debug_abbrev  0x0000107d       0xe4 MCAL/Interrupt/exi.o
 .debug_abbrev  0x00001161      0x132 MCAL/pwm/pwm.o
 .debug_abbrev  0x00001293      0x2d8 MCAL/timers/timer.o

.debug_line     0x00000000     0x25e9
 *(.debug_line .debug_line.* .debug_line_end)
 .debug_line    0x00000000      0x116 C:/Program Files (x86)/Atmel/Studio/7.0/Packs/atmel/ATmega_DFP/1.7.374/gcc/dev/atmega32/avr5/crtatmega32.o
 .debug_line    0x00000116      0x639 APP/app.o
 .debug_line    0x0000074f       0xe4 HAL/button/button.o
 .debug_line    0x00000833      0x162 HAL/keypad/keypad.o
 .debug_line    0x00000995      0x501 HAL/lcd/lcd.o
 .debug_line    0x00000e96      0x178 HAL/motor/motor.o
 .debug_line    0x0000100e      0x251 HAL/ultrasonic/us.o
 .debug_line    0x0000125f       0x5b main.o
 .debug_line    0x000012ba      0x463 MCAL/dio/dio.o
 .debug_line    0x0000171d       0x3c MCAL/dio/dio_cfg.o
 .debug_line    0x00001759      0x23f MCAL/icu/icu.o
 .debug_line    0x00001998      0x23c MCAL/Interrupt/exi.o
 .debug_line    0x00001bd4      0x20b MCAL/pwm/pwm.o
 .debug_line    0x00001ddf      0x80a MCAL/timers/timer.o

.debug_frame    0x00000000      0xbd4
 *(.debug_frame)
 .debug_frame   0x00000000       0xbc APP/app.o
 .debug_frame   0x000000bc       0x40 HAL/button/button.o
 .debug_frame   0x000000fc       0x5c HAL/keypad/keypad.o
 .debug_frame   0x00000158      0x164 HAL/lcd/lcd.o
 .debug_frame   0x000002bc       0x74 HAL/motor/motor.o
 .debug_frame   0x00000330       0x60 HAL/ultrasonic/us.o
 .debug_frame   0x00000390       0x24 main.o
 .debug_frame   0x000003b4       0x7c MCAL/dio/dio.o
 .debug_frame   0x00000430       0x58 MCAL/icu/icu.o
 .debug_frame   0x00000488      0x16c MCAL/Interrupt/exi.o
 .debug_frame   0x000005f4       0xdc MCAL/pwm/pwm.o
 .debug_frame   0x000006d0      0x504 MCAL/timers/timer.o

.debug_str      0x00000000     0x14bf
 *(.debug_str)
 .debug_str     0x00000000      0x196 C:/Program Files (x86)/Atmel/Studio/7.0/Packs/atmel/ATmega_DFP/1.7.374/gcc/dev/atmega32/avr5/crtatmega32.o
 .debug_str     0x00000196      0x593 APP/app.o
                                0x5cf (size before relaxing)
 .debug_str     0x00000729       0x9d HAL/button/button.o
                                0x2ad (size before relaxing)
 .debug_str     0x000007c6       0xcd HAL/keypad/keypad.o
                                0x3a4 (size before relaxing)
 .debug_str     0x00000893       0x88 HAL/lcd/lcd.o
                                0x3fa (size before relaxing)
 .debug_str     0x0000091b       0x3b HAL/motor/motor.o
                                0x36a (size before relaxing)
 .debug_str     0x00000956       0x6f HAL/ultrasonic/us.o
                                0x376 (size before relaxing)
 .debug_str     0x000009c5       0x11 main.o
                                0x1fd (size before relaxing)
 .debug_str     0x000009d6       0x9f MCAL/dio/dio.o
                                0x3fb (size before relaxing)
 .debug_str     0x00000a75       0x16 MCAL/dio/dio_cfg.o
                                0x2fb (size before relaxing)
 .debug_str     0x00000a8b      0x1df MCAL/icu/icu.o
                                0x423 (size before relaxing)
 .debug_str     0x00000c6a       0xa7 MCAL/Interrupt/exi.o
                                0x2fc (size before relaxing)
 .debug_str     0x00000d11      0x13f MCAL/pwm/pwm.o
                                0x44a (size before relaxing)
 .debug_str     0x00000e50      0x66f MCAL/timers/timer.o
                                0xb00 (size before relaxing)

.debug_loc      0x00000000     0x29ea
 *(.debug_loc)
 .debug_loc     0x00000000      0x14c APP/app.o
 .debug_loc     0x0000014c      0x11c HAL/button/button.o
 .debug_loc     0x00000268      0x11d HAL/keypad/keypad.o
 .debug_loc     0x00000385      0x817 HAL/lcd/lcd.o
 .debug_loc     0x00000b9c       0xdf HAL/ultrasonic/us.o
 .debug_loc     0x00000c7b      0x976 MCAL/dio/dio.o
 .debug_loc     0x000015f1       0xdb MCAL/icu/icu.o
 .debug_loc     0x000016cc      0x422 MCAL/Interrupt/exi.o
 .debug_loc     0x00001aee      0x2d6 MCAL/pwm/pwm.o
 .debug_loc     0x00001dc4      0xc26 MCAL/timers/timer.o

.debug_macinfo
 *(.debug_macinfo)

.debug_weaknames
 *(.debug_weaknames)

.debug_funcnames
 *(.debug_funcnames)

.debug_typenames
 *(.debug_typenames)

.debug_varnames
 *(.debug_varnames)

.debug_pubtypes
 *(.debug_pubtypes)

.debug_ranges   0x00000000      0x390
 *(.debug_ranges)
 .debug_ranges  0x00000000       0x50 APP/app.o
 .debug_ranges  0x00000050       0x10 HAL/button/button.o
 .debug_ranges  0x00000060       0x18 HAL/keypad/keypad.o
 .debug_ranges  0x00000078       0x70 HAL/lcd/lcd.o
 .debug_ranges  0x000000e8       0x38 HAL/motor/motor.o
 .debug_ranges  0x00000120       0x20 HAL/ultrasonic/us.o
 .debug_ranges  0x00000140       0x10 main.o
 .debug_ranges  0x00000150       0x38 MCAL/dio/dio.o
 .debug_ranges  0x00000188       0x20 MCAL/icu/icu.o
 .debug_ranges  0x000001a8       0x48 MCAL/Interrupt/exi.o
 .debug_ranges  0x000001f0       0x30 MCAL/pwm/pwm.o
 .debug_ranges  0x00000220      0x170 MCAL/timers/timer.o

.debug_macro
 *(.debug_macro)
OUTPUT(Obstacle-avoidance-car.elf elf32-avr)
LOAD linker stubs
