Archive member included to satisfy reference by file (symbol)

c:/program files (x86)/atmel/studio/7.0/toolchain/avr8/avr8-gnu-toolchain/bin/../lib/gcc/avr/5.4.0/../../../../avr/lib/avr5\libm.a(addsf3.o)
                              MCAL/pwm/pwm.o (__subsf3)
c:/program files (x86)/atmel/studio/7.0/toolchain/avr8/avr8-gnu-toolchain/bin/../lib/gcc/avr/5.4.0/../../../../avr/lib/avr5\libm.a(addsf3x.o)
                              c:/program files (x86)/atmel/studio/7.0/toolchain/avr8/avr8-gnu-toolchain/bin/../lib/gcc/avr/5.4.0/../../../../avr/lib/avr5\libm.a(addsf3.o) (__addsf3x)
c:/program files (x86)/atmel/studio/7.0/toolchain/avr8/avr8-gnu-toolchain/bin/../lib/gcc/avr/5.4.0/../../../../avr/lib/avr5\libm.a(cmpsf2.o)
                              MCAL/timers/timer.o (__ltsf2)
c:/program files (x86)/atmel/studio/7.0/toolchain/avr8/avr8-gnu-toolchain/bin/../lib/gcc/avr/5.4.0/../../../../avr/lib/avr5\libm.a(divsf3.o)
                              MCAL/pwm/pwm.o (__divsf3)
c:/program files (x86)/atmel/studio/7.0/toolchain/avr8/avr8-gnu-toolchain/bin/../lib/gcc/avr/5.4.0/../../../../avr/lib/avr5\libm.a(divsf3x.o)
                              c:/program files (x86)/atmel/studio/7.0/toolchain/avr8/avr8-gnu-toolchain/bin/../lib/gcc/avr/5.4.0/../../../../avr/lib/avr5\libm.a(divsf3.o) (__divsf3x)
c:/program files (x86)/atmel/studio/7.0/toolchain/avr8/avr8-gnu-toolchain/bin/../lib/gcc/avr/5.4.0/../../../../avr/lib/avr5\libm.a(fixunssfsi.o)
                              MCAL/pwm/pwm.o (__fixunssfsi)
c:/program files (x86)/atmel/studio/7.0/toolchain/avr8/avr8-gnu-toolchain/bin/../lib/gcc/avr/5.4.0/../../../../avr/lib/avr5\libm.a(floatsisf.o)
                              MCAL/pwm/pwm.o (__floatunsisf)
c:/program files (x86)/atmel/studio/7.0/toolchain/avr8/avr8-gnu-toolchain/bin/../lib/gcc/avr/5.4.0/../../../../avr/lib/avr5\libm.a(fp_cmp.o)
                              c:/program files (x86)/atmel/studio/7.0/toolchain/avr8/avr8-gnu-toolchain/bin/../lib/gcc/avr/5.4.0/../../../../avr/lib/avr5\libm.a(cmpsf2.o) (__fp_cmp)
c:/program files (x86)/atmel/studio/7.0/toolchain/avr8/avr8-gnu-toolchain/bin/../lib/gcc/avr/5.4.0/../../../../avr/lib/avr5\libm.a(fp_inf.o)
                              c:/program files (x86)/atmel/studio/7.0/toolchain/avr8/avr8-gnu-toolchain/bin/../lib/gcc/avr/5.4.0/../../../../avr/lib/avr5\libm.a(addsf3x.o) (__fp_inf)
c:/program files (x86)/atmel/studio/7.0/toolchain/avr8/avr8-gnu-toolchain/bin/../lib/gcc/avr/5.4.0/../../../../avr/lib/avr5\libm.a(fp_nan.o)
                              c:/program files (x86)/atmel/studio/7.0/toolchain/avr8/avr8-gnu-toolchain/bin/../lib/gcc/avr/5.4.0/../../../../avr/lib/avr5\libm.a(addsf3x.o) (__fp_nan)
c:/program files (x86)/atmel/studio/7.0/toolchain/avr8/avr8-gnu-toolchain/bin/../lib/gcc/avr/5.4.0/../../../../avr/lib/avr5\libm.a(fp_pscA.o)
                              c:/program files (x86)/atmel/studio/7.0/toolchain/avr8/avr8-gnu-toolchain/bin/../lib/gcc/avr/5.4.0/../../../../avr/lib/avr5\libm.a(addsf3x.o) (__fp_pscA)
c:/program files (x86)/atmel/studio/7.0/toolchain/avr8/avr8-gnu-toolchain/bin/../lib/gcc/avr/5.4.0/../../../../avr/lib/avr5\libm.a(fp_pscB.o)
                              c:/program files (x86)/atmel/studio/7.0/toolchain/avr8/avr8-gnu-toolchain/bin/../lib/gcc/avr/5.4.0/../../../../avr/lib/avr5\libm.a(addsf3x.o) (__fp_pscB)
c:/program files (x86)/atmel/studio/7.0/toolchain/avr8/avr8-gnu-toolchain/bin/../lib/gcc/avr/5.4.0/../../../../avr/lib/avr5\libm.a(fp_round.o)
                              c:/program files (x86)/atmel/studio/7.0/toolchain/avr8/avr8-gnu-toolchain/bin/../lib/gcc/avr/5.4.0/../../../../avr/lib/avr5\libm.a(addsf3.o) (__fp_round)
c:/program files (x86)/atmel/studio/7.0/toolchain/avr8/avr8-gnu-toolchain/bin/../lib/gcc/avr/5.4.0/../../../../avr/lib/avr5\libm.a(fp_split3.o)
                              c:/program files (x86)/atmel/studio/7.0/toolchain/avr8/avr8-gnu-toolchain/bin/../lib/gcc/avr/5.4.0/../../../../avr/lib/avr5\libm.a(addsf3x.o) (__fp_split3)
c:/program files (x86)/atmel/studio/7.0/toolchain/avr8/avr8-gnu-toolchain/bin/../lib/gcc/avr/5.4.0/../../../../avr/lib/avr5\libm.a(fp_zero.o)
                              c:/program files (x86)/atmel/studio/7.0/toolchain/avr8/avr8-gnu-toolchain/bin/../lib/gcc/avr/5.4.0/../../../../avr/lib/avr5\libm.a(addsf3x.o) (__fp_zero)
c:/program files (x86)/atmel/studio/7.0/toolchain/avr8/avr8-gnu-toolchain/bin/../lib/gcc/avr/5.4.0/../../../../avr/lib/avr5\libm.a(gesf2.o)
                              MCAL/timers/timer.o (__gtsf2)
c:/program files (x86)/atmel/studio/7.0/toolchain/avr8/avr8-gnu-toolchain/bin/../lib/gcc/avr/5.4.0/../../../../avr/lib/avr5\libm.a(mulsf3.o)
                              MCAL/pwm/pwm.o (__mulsf3)
c:/program files (x86)/atmel/studio/7.0/toolchain/avr8/avr8-gnu-toolchain/bin/../lib/gcc/avr/5.4.0/../../../../avr/lib/avr5\libm.a(mulsf3x.o)
                              c:/program files (x86)/atmel/studio/7.0/toolchain/avr8/avr8-gnu-toolchain/bin/../lib/gcc/avr/5.4.0/../../../../avr/lib/avr5\libm.a(mulsf3.o) (__mulsf3x)
c:/program files (x86)/atmel/studio/7.0/toolchain/avr8/avr8-gnu-toolchain/bin/../lib/gcc/avr/5.4.0/avr5\libgcc.a(_divmodsi4.o)
                              HAL/lcd/lcd.o (__divmodsi4)
c:/program files (x86)/atmel/studio/7.0/toolchain/avr8/avr8-gnu-toolchain/bin/../lib/gcc/avr/5.4.0/avr5\libgcc.a(_negsi2.o)
                              c:/program files (x86)/atmel/studio/7.0/toolchain/avr8/avr8-gnu-toolchain/bin/../lib/gcc/avr/5.4.0/avr5\libgcc.a(_divmodsi4.o) (__negsi2)
c:/program files (x86)/atmel/studio/7.0/toolchain/avr8/avr8-gnu-toolchain/bin/../lib/gcc/avr/5.4.0/avr5\libgcc.a(_exit.o)
                              C:/Program Files (x86)/Atmel/Studio/7.0/Packs/atmel/ATmega_DFP/1.7.374/gcc/dev/atmega32/avr5/crtatmega32.o (exit)
c:/program files (x86)/atmel/studio/7.0/toolchain/avr8/avr8-gnu-toolchain/bin/../lib/gcc/avr/5.4.0/avr5\libgcc.a(_copy_data.o)
                              APP/app.o (__do_copy_data)
c:/program files (x86)/atmel/studio/7.0/toolchain/avr8/avr8-gnu-toolchain/bin/../lib/gcc/avr/5.4.0/avr5\libgcc.a(_clear_bss.o)
                              APP/app.o (__do_clear_bss)
c:/program files (x86)/atmel/studio/7.0/toolchain/avr8/avr8-gnu-toolchain/bin/../lib/gcc/avr/5.4.0/avr5\libgcc.a(_umulhisi3.o)
                              HAL/lcd/lcd.o (__umulhisi3)
c:/program files (x86)/atmel/studio/7.0/toolchain/avr8/avr8-gnu-toolchain/bin/../lib/gcc/avr/5.4.0/avr5\libgcc.a(_udivmodsi4.o)
                              c:/program files (x86)/atmel/studio/7.0/toolchain/avr8/avr8-gnu-toolchain/bin/../lib/gcc/avr/5.4.0/avr5\libgcc.a(_divmodsi4.o) (__udivmodsi4)

Allocating common symbols
Common symbol       size              file

t3                  0x2               HAL/ultrasonic/us.o
t2                  0x2               HAL/ultrasonic/us.o
gu32_T1_OVF_TICKS   0x4               MCAL/timers/timer.o
t1                  0x2               HAL/ultrasonic/us.o
g_distance          0x2               APP/app.o
ovf                 0x4               APP/app.o

Discarded input sections

 .data          0x00000000        0x0 C:/Program Files (x86)/Atmel/Studio/7.0/Packs/atmel/ATmega_DFP/1.7.374/gcc/dev/atmega32/avr5/crtatmega32.o
 .bss           0x00000000        0x0 C:/Program Files (x86)/Atmel/Studio/7.0/Packs/atmel/ATmega_DFP/1.7.374/gcc/dev/atmega32/avr5/crtatmega32.o
 .text          0x00000000        0x0 APP/app.o
 .data          0x00000000        0x0 APP/app.o
 .bss           0x00000000        0x0 APP/app.o
 .text          0x00000000        0x0 HAL/button/button.o
 .data          0x00000000        0x0 HAL/button/button.o
 .bss           0x00000000        0x0 HAL/button/button.o
 .text.Is_pressed
                0x00000000       0x3e HAL/button/button.o
 .debug_info    0x00000000      0x17e HAL/button/button.o
 .debug_abbrev  0x00000000       0xea HAL/button/button.o
 .debug_loc     0x00000000      0x11c HAL/button/button.o
 .debug_aranges
                0x00000000       0x20 HAL/button/button.o
 .debug_ranges  0x00000000       0x10 HAL/button/button.o
 .debug_line    0x00000000       0xe4 HAL/button/button.o
 .debug_str     0x00000000      0x2ad HAL/button/button.o
 .comment       0x00000000       0x31 HAL/button/button.o
 .debug_frame   0x00000000       0x40 HAL/button/button.o
 .text          0x00000000        0x0 HAL/keypad/keypad.o
 .data          0x00000000        0x0 HAL/keypad/keypad.o
 .bss           0x00000000        0x0 HAL/keypad/keypad.o
 .text.KEYPAD_getpressedkey
                0x00000000       0xa0 HAL/keypad/keypad.o
 .rodata.Button_Arr
                0x00000000        0x9 HAL/keypad/keypad.o
 .data.Row_Arr  0x00000000        0x3 HAL/keypad/keypad.o
 .data.Col_Arr  0x00000000        0x3 HAL/keypad/keypad.o
 .text          0x00000000        0x0 HAL/lcd/lcd.o
 .data          0x00000000        0x0 HAL/lcd/lcd.o
 .bss           0x00000000        0x0 HAL/lcd/lcd.o
 .text.LCD_WriteBinary
                0x00000000       0x2e HAL/lcd/lcd.o
 .text.LCD_ClearLoc
                0x00000000       0x20 HAL/lcd/lcd.o
 .text.LCD_WriteNumber_3D
                0x00000000      0x142 HAL/lcd/lcd.o
 .text.LCD_CustomChar
                0x00000000       0x3a HAL/lcd/lcd.o
 .text          0x00000000        0x0 HAL/motor/motor.o
 .data          0x00000000        0x0 HAL/motor/motor.o
 .bss           0x00000000        0x0 HAL/motor/motor.o
 .text          0x00000000        0x0 HAL/ultrasonic/us.o
 .data          0x00000000        0x0 HAL/ultrasonic/us.o
 .bss           0x00000000        0x0 HAL/ultrasonic/us.o
 .bss.flag      0x00000000        0x1 HAL/ultrasonic/us.o
 COMMON         0x00000000        0x6 HAL/ultrasonic/us.o
 .text          0x00000000        0x0 main.o
 .data          0x00000000        0x0 main.o
 .bss           0x00000000        0x0 main.o
 .text          0x00000000        0x0 MCAL/dio/dio.o
 .data          0x00000000        0x0 MCAL/dio/dio.o
 .bss           0x00000000        0x0 MCAL/dio/dio.o
 .text.DIO_readpin
                0x00000000       0x8e MCAL/dio/dio.o
 .text.DIO_togglepin
                0x00000000       0x8e MCAL/dio/dio.o
 .text.DIO_WritePort
                0x00000000       0x34 MCAL/dio/dio.o
 .text          0x00000000        0x0 MCAL/dio/dio_cfg.o
 .data          0x00000000        0x0 MCAL/dio/dio_cfg.o
 .bss           0x00000000        0x0 MCAL/dio/dio_cfg.o
 .text          0x00000000        0x0 MCAL/icu/icu.o
 .data          0x00000000        0x0 MCAL/icu/icu.o
 .bss           0x00000000        0x0 MCAL/icu/icu.o
 .text          0x00000000        0x0 MCAL/Interrupt/exi.o
 .data          0x00000000        0x0 MCAL/Interrupt/exi.o
 .bss           0x00000000        0x0 MCAL/Interrupt/exi.o
 .text.EXI_Disable
                0x00000000       0x24 MCAL/Interrupt/exi.o
 .text.EXI_Init
                0x00000000       0x1a MCAL/Interrupt/exi.o
 .text          0x00000000        0x0 MCAL/pwm/pwm.o
 .data          0x00000000        0x0 MCAL/pwm/pwm.o
 .bss           0x00000000        0x0 MCAL/pwm/pwm.o
 .text.waveGen_hf
                0x00000000       0x92 MCAL/pwm/pwm.o
 .text.PWM_set_duty_hf
                0x00000000       0xf4 MCAL/pwm/pwm.o
 .bss.OV.2070   0x00000000        0x4 MCAL/pwm/pwm.o
 .text          0x00000000        0x0 MCAL/pwm/pwm_lcfg.o
 .data          0x00000000        0x0 MCAL/pwm/pwm_lcfg.o
 .bss           0x00000000        0x0 MCAL/pwm/pwm_lcfg.o
 .debug_info    0x00000000       0x72 MCAL/pwm/pwm_lcfg.o
 .debug_abbrev  0x00000000       0x26 MCAL/pwm/pwm_lcfg.o
 .debug_aranges
                0x00000000       0x18 MCAL/pwm/pwm_lcfg.o
 .debug_line    0x00000000       0x1a MCAL/pwm/pwm_lcfg.o
 .debug_str     0x00000000      0x1f0 MCAL/pwm/pwm_lcfg.o
 .comment       0x00000000       0x31 MCAL/pwm/pwm_lcfg.o
 .text          0x00000000        0x0 MCAL/timers/timer.o
 .data          0x00000000        0x0 MCAL/timers/timer.o
 .bss           0x00000000        0x0 MCAL/timers/timer.o
 .text.timer_setTimerValue
                0x00000000        0x4 MCAL/timers/timer.o
 .text.timer_reset
                0x00000000        0xe MCAL/timers/timer.o
 .text.TIMER0_OV_InterruptDisable
                0x00000000        0x8 MCAL/timers/timer.o
 .text.TIMER0_OC_InterruptEnable
                0x00000000        0x8 MCAL/timers/timer.o
 .text.TIMER0_OC_InterruptDisable
                0x00000000        0x8 MCAL/timers/timer.o
 .text.set_time
                0x00000000       0x54 MCAL/timers/timer.o
 .text.timer_delay
                0x00000000       0xd2 MCAL/timers/timer.o
 .text.Timer1_OCRA1Mode
                0x00000000       0x48 MCAL/timers/timer.o
 .text.Timer1_OCRB1Mode
                0x00000000       0x48 MCAL/timers/timer.o
 .text.Timer1_InputCaptureEdge
                0x00000000       0x18 MCAL/timers/timer.o
 .text.Timer1_ICU_InterruptEnable
                0x00000000        0x8 MCAL/timers/timer.o
 .text.Timer1_ICU_InterruptDisable
                0x00000000        0x8 MCAL/timers/timer.o
 .text.Timer1_OVF_InterruptEnable
                0x00000000        0x8 MCAL/timers/timer.o
 .text.Timer1_OVF_InterruptDisable
                0x00000000        0x8 MCAL/timers/timer.o
 .text.Timer1_OCA_InterruptEnable
                0x00000000        0x8 MCAL/timers/timer.o
 .text.Timer1_OCA_InterruptDisable
                0x00000000        0x8 MCAL/timers/timer.o
 .text.Timer1_OCB_InterruptEnable
                0x00000000        0x8 MCAL/timers/timer.o
 .text.Timer1_OCB_InterruptDisable
                0x00000000        0x8 MCAL/timers/timer.o
 .text.Timer1_OVF_SetCallBack
                0x00000000        0xa MCAL/timers/timer.o
 .text.Timer1_OCA_SetCallBack
                0x00000000        0xa MCAL/timers/timer.o
 .text.Timer1_OCB_SetCallBack
                0x00000000        0xa MCAL/timers/timer.o
 .text.Timer1_ICU_SetCallBack
                0x00000000        0xa MCAL/timers/timer.o
 .text.TIMER1_OCA_vect
                0x00000000       0x52 MCAL/timers/timer.o
 .text.TIMER_2_stop
                0x00000000       0x14 MCAL/timers/timer.o
 .text.TIMER_2_OvfNum
                0x00000000       0xc6 MCAL/timers/timer.o
 .text.TIMER2_OV_InterruptDisable
                0x00000000        0x8 MCAL/timers/timer.o
 .bss.Timer1_OCA_Fptr
                0x00000000        0x2 MCAL/timers/timer.o
 COMMON         0x00000000        0x4 MCAL/timers/timer.o
 .text          0x00000000        0x0 c:/program files (x86)/atmel/studio/7.0/toolchain/avr8/avr8-gnu-toolchain/bin/../lib/gcc/avr/5.4.0/../../../../avr/lib/avr5\libm.a(addsf3.o)
 .data          0x00000000        0x0 c:/program files (x86)/atmel/studio/7.0/toolchain/avr8/avr8-gnu-toolchain/bin/../lib/gcc/avr/5.4.0/../../../../avr/lib/avr5\libm.a(addsf3.o)
 .bss           0x00000000        0x0 c:/program files (x86)/atmel/studio/7.0/toolchain/avr8/avr8-gnu-toolchain/bin/../lib/gcc/avr/5.4.0/../../../../avr/lib/avr5\libm.a(addsf3.o)
 .text          0x00000000        0x0 c:/program files (x86)/atmel/studio/7.0/toolchain/avr8/avr8-gnu-toolchain/bin/../lib/gcc/avr/5.4.0/../../../../avr/lib/avr5\libm.a(addsf3x.o)
 .data          0x00000000        0x0 c:/program files (x86)/atmel/studio/7.0/toolchain/avr8/avr8-gnu-toolchain/bin/../lib/gcc/avr/5.4.0/../../../../avr/lib/avr5\libm.a(addsf3x.o)
 .bss           0x00000000        0x0 c:/program files (x86)/atmel/studio/7.0/toolchain/avr8/avr8-gnu-toolchain/bin/../lib/gcc/avr/5.4.0/../../../../avr/lib/avr5\libm.a(addsf3x.o)
 .text          0x00000000        0x0 c:/program files (x86)/atmel/studio/7.0/toolchain/avr8/avr8-gnu-toolchain/bin/../lib/gcc/avr/5.4.0/../../../../avr/lib/avr5\libm.a(cmpsf2.o)
 .data          0x00000000        0x0 c:/program files (x86)/atmel/studio/7.0/toolchain/avr8/avr8-gnu-toolchain/bin/../lib/gcc/avr/5.4.0/../../../../avr/lib/avr5\libm.a(cmpsf2.o)
 .bss           0x00000000        0x0 c:/program files (x86)/atmel/studio/7.0/toolchain/avr8/avr8-gnu-toolchain/bin/../lib/gcc/avr/5.4.0/../../../../avr/lib/avr5\libm.a(cmpsf2.o)
 .text.avr-libc.fplib
                0x00000000        0xa c:/program files (x86)/atmel/studio/7.0/toolchain/avr8/avr8-gnu-toolchain/bin/../lib/gcc/avr/5.4.0/../../../../avr/lib/avr5\libm.a(cmpsf2.o)
 .text          0x00000000        0x0 c:/program files (x86)/atmel/studio/7.0/toolchain/avr8/avr8-gnu-toolchain/bin/../lib/gcc/avr/5.4.0/../../../../avr/lib/avr5\libm.a(divsf3.o)
 .data          0x00000000        0x0 c:/program files (x86)/atmel/studio/7.0/toolchain/avr8/avr8-gnu-toolchain/bin/../lib/gcc/avr/5.4.0/../../../../avr/lib/avr5\libm.a(divsf3.o)
 .bss           0x00000000        0x0 c:/program files (x86)/atmel/studio/7.0/toolchain/avr8/avr8-gnu-toolchain/bin/../lib/gcc/avr/5.4.0/../../../../avr/lib/avr5\libm.a(divsf3.o)
 .text          0x00000000        0x0 c:/program files (x86)/atmel/studio/7.0/toolchain/avr8/avr8-gnu-toolchain/bin/../lib/gcc/avr/5.4.0/../../../../avr/lib/avr5\libm.a(divsf3x.o)
 .data          0x00000000        0x0 c:/program files (x86)/atmel/studio/7.0/toolchain/avr8/avr8-gnu-toolchain/bin/../lib/gcc/avr/5.4.0/../../../../avr/lib/avr5\libm.a(divsf3x.o)
 .bss           0x00000000        0x0 c:/program files (x86)/atmel/studio/7.0/toolchain/avr8/avr8-gnu-toolchain/bin/../lib/gcc/avr/5.4.0/../../../../avr/lib/avr5\libm.a(divsf3x.o)
 .text          0x00000000        0x0 c:/program files (x86)/atmel/studio/7.0/toolchain/avr8/avr8-gnu-toolchain/bin/../lib/gcc/avr/5.4.0/../../../../avr/lib/avr5\libm.a(fixunssfsi.o)
 .data          0x00000000        0x0 c:/program files (x86)/atmel/studio/7.0/toolchain/avr8/avr8-gnu-toolchain/bin/../lib/gcc/avr/5.4.0/../../../../avr/lib/avr5\libm.a(fixunssfsi.o)
 .bss           0x00000000        0x0 c:/program files (x86)/atmel/studio/7.0/toolchain/avr8/avr8-gnu-toolchain/bin/../lib/gcc/avr/5.4.0/../../../../avr/lib/avr5\libm.a(fixunssfsi.o)
 .text          0x00000000        0x0 c:/program files (x86)/atmel/studio/7.0/toolchain/avr8/avr8-gnu-toolchain/bin/../lib/gcc/avr/5.4.0/../../../../avr/lib/avr5\libm.a(floatsisf.o)
 .data          0x00000000        0x0 c:/program files (x86)/atmel/studio/7.0/toolchain/avr8/avr8-gnu-toolchain/bin/../lib/gcc/avr/5.4.0/../../../../avr/lib/avr5\libm.a(floatsisf.o)
 .bss           0x00000000        0x0 c:/program files (x86)/atmel/studio/7.0/toolchain/avr8/avr8-gnu-toolchain/bin/../lib/gcc/avr/5.4.0/../../../../avr/lib/avr5\libm.a(floatsisf.o)
 .text          0x00000000        0x0 c:/program files (x86)/atmel/studio/7.0/toolchain/avr8/avr8-gnu-toolchain/bin/../lib/gcc/avr/5.4.0/../../../../avr/lib/avr5\libm.a(fp_cmp.o)
 .data          0x00000000        0x0 c:/program files (x86)/atmel/studio/7.0/toolchain/avr8/avr8-gnu-toolchain/bin/../lib/gcc/avr/5.4.0/../../../../avr/lib/avr5\libm.a(fp_cmp.o)
 .bss           0x00000000        0x0 c:/program files (x86)/atmel/studio/7.0/toolchain/avr8/avr8-gnu-toolchain/bin/../lib/gcc/avr/5.4.0/../../../../avr/lib/avr5\libm.a(fp_cmp.o)
 .text.avr-libc.fplib
                0x00000000       0x48 c:/program files (x86)/atmel/studio/7.0/toolchain/avr8/avr8-gnu-toolchain/bin/../lib/gcc/avr/5.4.0/../../../../avr/lib/avr5\libm.a(fp_cmp.o)
 .text          0x00000000        0x0 c:/program files (x86)/atmel/studio/7.0/toolchain/avr8/avr8-gnu-toolchain/bin/../lib/gcc/avr/5.4.0/../../../../avr/lib/avr5\libm.a(fp_inf.o)
 .data          0x00000000        0x0 c:/program files (x86)/atmel/studio/7.0/toolchain/avr8/avr8-gnu-toolchain/bin/../lib/gcc/avr/5.4.0/../../../../avr/lib/avr5\libm.a(fp_inf.o)
 .bss           0x00000000        0x0 c:/program files (x86)/atmel/studio/7.0/toolchain/avr8/avr8-gnu-toolchain/bin/../lib/gcc/avr/5.4.0/../../../../avr/lib/avr5\libm.a(fp_inf.o)
 .text          0x00000000        0x0 c:/program files (x86)/atmel/studio/7.0/toolchain/avr8/avr8-gnu-toolchain/bin/../lib/gcc/avr/5.4.0/../../../../avr/lib/avr5\libm.a(fp_nan.o)
 .data          0x00000000        0x0 c:/program files (x86)/atmel/studio/7.0/toolchain/avr8/avr8-gnu-toolchain/bin/../lib/gcc/avr/5.4.0/../../../../avr/lib/avr5\libm.a(fp_nan.o)
 .bss           0x00000000        0x0 c:/program files (x86)/atmel/studio/7.0/toolchain/avr8/avr8-gnu-toolchain/bin/../lib/gcc/avr/5.4.0/../../../../avr/lib/avr5\libm.a(fp_nan.o)
 .text          0x00000000        0x0 c:/program files (x86)/atmel/studio/7.0/toolchain/avr8/avr8-gnu-toolchain/bin/../lib/gcc/avr/5.4.0/../../../../avr/lib/avr5\libm.a(fp_pscA.o)
 .data          0x00000000        0x0 c:/program files (x86)/atmel/studio/7.0/toolchain/avr8/avr8-gnu-toolchain/bin/../lib/gcc/avr/5.4.0/../../../../avr/lib/avr5\libm.a(fp_pscA.o)
 .bss           0x00000000        0x0 c:/program files (x86)/atmel/studio/7.0/toolchain/avr8/avr8-gnu-toolchain/bin/../lib/gcc/avr/5.4.0/../../../../avr/lib/avr5\libm.a(fp_pscA.o)
 .text          0x00000000        0x0 c:/program files (x86)/atmel/studio/7.0/toolchain/avr8/avr8-gnu-toolchain/bin/../lib/gcc/avr/5.4.0/../../../../avr/lib/avr5\libm.a(fp_pscB.o)
 .data          0x00000000        0x0 c:/program files (x86)/atmel/studio/7.0/toolchain/avr8/avr8-gnu-toolchain/bin/../lib/gcc/avr/5.4.0/../../../../avr/lib/avr5\libm.a(fp_pscB.o)
 .bss           0x00000000        0x0 c:/program files (x86)/atmel/studio/7.0/toolchain/avr8/avr8-gnu-toolchain/bin/../lib/gcc/avr/5.4.0/../../../../avr/lib/avr5\libm.a(fp_pscB.o)
 .text          0x00000000        0x0 c:/program files (x86)/atmel/studio/7.0/toolchain/avr8/avr8-gnu-toolchain/bin/../lib/gcc/avr/5.4.0/../../../../avr/lib/avr5\libm.a(fp_round.o)
 .data          0x00000000        0x0 c:/program files (x86)/atmel/studio/7.0/toolchain/avr8/avr8-gnu-toolchain/bin/../lib/gcc/avr/5.4.0/../../../../avr/lib/avr5\libm.a(fp_round.o)
 .bss           0x00000000        0x0 c:/program files (x86)/atmel/studio/7.0/toolchain/avr8/avr8-gnu-toolchain/bin/../lib/gcc/avr/5.4.0/../../../../avr/lib/avr5\libm.a(fp_round.o)
 .text          0x00000000        0x0 c:/program files (x86)/atmel/studio/7.0/toolchain/avr8/avr8-gnu-toolchain/bin/../lib/gcc/avr/5.4.0/../../../../avr/lib/avr5\libm.a(fp_split3.o)
 .data          0x00000000        0x0 c:/program files (x86)/atmel/studio/7.0/toolchain/avr8/avr8-gnu-toolchain/bin/../lib/gcc/avr/5.4.0/../../../../avr/lib/avr5\libm.a(fp_split3.o)
 .bss           0x00000000        0x0 c:/program files (x86)/atmel/studio/7.0/toolchain/avr8/avr8-gnu-toolchain/bin/../lib/gcc/avr/5.4.0/../../../../avr/lib/avr5\libm.a(fp_split3.o)
 .text          0x00000000        0x0 c:/program files (x86)/atmel/studio/7.0/toolchain/avr8/avr8-gnu-toolchain/bin/../lib/gcc/avr/5.4.0/../../../../avr/lib/avr5\libm.a(fp_zero.o)
 .data          0x00000000        0x0 c:/program files (x86)/atmel/studio/7.0/toolchain/avr8/avr8-gnu-toolchain/bin/../lib/gcc/avr/5.4.0/../../../../avr/lib/avr5\libm.a(fp_zero.o)
 .bss           0x00000000        0x0 c:/program files (x86)/atmel/studio/7.0/toolchain/avr8/avr8-gnu-toolchain/bin/../lib/gcc/avr/5.4.0/../../../../avr/lib/avr5\libm.a(fp_zero.o)
 .text          0x00000000        0x0 c:/program files (x86)/atmel/studio/7.0/toolchain/avr8/avr8-gnu-toolchain/bin/../lib/gcc/avr/5.4.0/../../../../avr/lib/avr5\libm.a(gesf2.o)
 .data          0x00000000        0x0 c:/program files (x86)/atmel/studio/7.0/toolchain/avr8/avr8-gnu-toolchain/bin/../lib/gcc/avr/5.4.0/../../../../avr/lib/avr5\libm.a(gesf2.o)
 .bss           0x00000000        0x0 c:/program files (x86)/atmel/studio/7.0/toolchain/avr8/avr8-gnu-toolchain/bin/../lib/gcc/avr/5.4.0/../../../../avr/lib/avr5\libm.a(gesf2.o)
 .text.avr-libc.fplib
                0x00000000        0xa c:/program files (x86)/atmel/studio/7.0/toolchain/avr8/avr8-gnu-toolchain/bin/../lib/gcc/avr/5.4.0/../../../../avr/lib/avr5\libm.a(gesf2.o)
 .text          0x00000000        0x0 c:/program files (x86)/atmel/studio/7.0/toolchain/avr8/avr8-gnu-toolchain/bin/../lib/gcc/avr/5.4.0/../../../../avr/lib/avr5\libm.a(mulsf3.o)
 .data          0x00000000        0x0 c:/program files (x86)/atmel/studio/7.0/toolchain/avr8/avr8-gnu-toolchain/bin/../lib/gcc/avr/5.4.0/../../../../avr/lib/avr5\libm.a(mulsf3.o)
 .bss           0x00000000        0x0 c:/program files (x86)/atmel/studio/7.0/toolchain/avr8/avr8-gnu-toolchain/bin/../lib/gcc/avr/5.4.0/../../../../avr/lib/avr5\libm.a(mulsf3.o)
 .text          0x00000000        0x0 c:/program files (x86)/atmel/studio/7.0/toolchain/avr8/avr8-gnu-toolchain/bin/../lib/gcc/avr/5.4.0/../../../../avr/lib/avr5\libm.a(mulsf3x.o)
 .data          0x00000000        0x0 c:/program files (x86)/atmel/studio/7.0/toolchain/avr8/avr8-gnu-toolchain/bin/../lib/gcc/avr/5.4.0/../../../../avr/lib/avr5\libm.a(mulsf3x.o)
 .bss           0x00000000        0x0 c:/program files (x86)/atmel/studio/7.0/toolchain/avr8/avr8-gnu-toolchain/bin/../lib/gcc/avr/5.4.0/../../../../avr/lib/avr5\libm.a(mulsf3x.o)
 .text          0x00000000        0x0 c:/program files (x86)/atmel/studio/7.0/toolchain/avr8/avr8-gnu-toolchain/bin/../lib/gcc/avr/5.4.0/avr5\libgcc.a(_divmodsi4.o)
 .data          0x00000000        0x0 c:/program files (x86)/atmel/studio/7.0/toolchain/avr8/avr8-gnu-toolchain/bin/../lib/gcc/avr/5.4.0/avr5\libgcc.a(_divmodsi4.o)
 .bss           0x00000000        0x0 c:/program files (x86)/atmel/studio/7.0/toolchain/avr8/avr8-gnu-toolchain/bin/../lib/gcc/avr/5.4.0/avr5\libgcc.a(_divmodsi4.o)
 .text.libgcc.mul
                0x00000000        0x0 c:/program files (x86)/atmel/studio/7.0/toolchain/avr8/avr8-gnu-toolchain/bin/../lib/gcc/avr/5.4.0/avr5\libgcc.a(_divmodsi4.o)
 .text.libgcc   0x00000000        0x0 c:/program files (x86)/atmel/studio/7.0/toolchain/avr8/avr8-gnu-toolchain/bin/../lib/gcc/avr/5.4.0/avr5\libgcc.a(_divmodsi4.o)
 .text.libgcc.prologue
                0x00000000        0x0 c:/program files (x86)/atmel/studio/7.0/toolchain/avr8/avr8-gnu-toolchain/bin/../lib/gcc/avr/5.4.0/avr5\libgcc.a(_divmodsi4.o)
 .text.libgcc.builtins
                0x00000000        0x0 c:/program files (x86)/atmel/studio/7.0/toolchain/avr8/avr8-gnu-toolchain/bin/../lib/gcc/avr/5.4.0/avr5\libgcc.a(_divmodsi4.o)
 .text.libgcc.fmul
                0x00000000        0x0 c:/program files (x86)/atmel/studio/7.0/toolchain/avr8/avr8-gnu-toolchain/bin/../lib/gcc/avr/5.4.0/avr5\libgcc.a(_divmodsi4.o)
 .text.libgcc.fixed
                0x00000000        0x0 c:/program files (x86)/atmel/studio/7.0/toolchain/avr8/avr8-gnu-toolchain/bin/../lib/gcc/avr/5.4.0/avr5\libgcc.a(_divmodsi4.o)
 .text          0x00000000        0x0 c:/program files (x86)/atmel/studio/7.0/toolchain/avr8/avr8-gnu-toolchain/bin/../lib/gcc/avr/5.4.0/avr5\libgcc.a(_negsi2.o)
 .data          0x00000000        0x0 c:/program files (x86)/atmel/studio/7.0/toolchain/avr8/avr8-gnu-toolchain/bin/../lib/gcc/avr/5.4.0/avr5\libgcc.a(_negsi2.o)
 .bss           0x00000000        0x0 c:/program files (x86)/atmel/studio/7.0/toolchain/avr8/avr8-gnu-toolchain/bin/../lib/gcc/avr/5.4.0/avr5\libgcc.a(_negsi2.o)
 .text.libgcc.mul
                0x00000000        0x0 c:/program files (x86)/atmel/studio/7.0/toolchain/avr8/avr8-gnu-toolchain/bin/../lib/gcc/avr/5.4.0/avr5\libgcc.a(_negsi2.o)
 .text.libgcc   0x00000000        0x0 c:/program files (x86)/atmel/studio/7.0/toolchain/avr8/avr8-gnu-toolchain/bin/../lib/gcc/avr/5.4.0/avr5\libgcc.a(_negsi2.o)
 .text.libgcc.prologue
                0x00000000        0x0 c:/program files (x86)/atmel/studio/7.0/toolchain/avr8/avr8-gnu-toolchain/bin/../lib/gcc/avr/5.4.0/avr5\libgcc.a(_negsi2.o)
 .text.libgcc.builtins
                0x00000000        0x0 c:/program files (x86)/atmel/studio/7.0/toolchain/avr8/avr8-gnu-toolchain/bin/../lib/gcc/avr/5.4.0/avr5\libgcc.a(_negsi2.o)
 .text.libgcc.fmul
                0x00000000        0x0 c:/program files (x86)/atmel/studio/7.0/toolchain/avr8/avr8-gnu-toolchain/bin/../lib/gcc/avr/5.4.0/avr5\libgcc.a(_negsi2.o)
 .text.libgcc.fixed
                0x00000000        0x0 c:/program files (x86)/atmel/studio/7.0/toolchain/avr8/avr8-gnu-toolchain/bin/../lib/gcc/avr/5.4.0/avr5\libgcc.a(_negsi2.o)
 .text          0x00000000        0x0 c:/program files (x86)/atmel/studio/7.0/toolchain/avr8/avr8-gnu-toolchain/bin/../lib/gcc/avr/5.4.0/avr5\libgcc.a(_exit.o)
 .data          0x00000000        0x0 c:/program files (x86)/atmel/studio/7.0/toolchain/avr8/avr8-gnu-toolchain/bin/../lib/gcc/avr/5.4.0/avr5\libgcc.a(_exit.o)
 .bss           0x00000000        0x0 c:/program files (x86)/atmel/studio/7.0/toolchain/avr8/avr8-gnu-toolchain/bin/../lib/gcc/avr/5.4.0/avr5\libgcc.a(_exit.o)
 .text.libgcc.mul
                0x00000000        0x0 c:/program files (x86)/atmel/studio/7.0/toolchain/avr8/avr8-gnu-toolchain/bin/../lib/gcc/avr/5.4.0/avr5\libgcc.a(_exit.o)
 .text.libgcc.div
                0x00000000        0x0 c:/program files (x86)/atmel/studio/7.0/toolchain/avr8/avr8-gnu-toolchain/bin/../lib/gcc/avr/5.4.0/avr5\libgcc.a(_exit.o)
 .text.libgcc   0x00000000        0x0 c:/program files (x86)/atmel/studio/7.0/toolchain/avr8/avr8-gnu-toolchain/bin/../lib/gcc/avr/5.4.0/avr5\libgcc.a(_exit.o)
 .text.libgcc.prologue
                0x00000000        0x0 c:/program files (x86)/atmel/studio/7.0/toolchain/avr8/avr8-gnu-toolchain/bin/../lib/gcc/avr/5.4.0/avr5\libgcc.a(_exit.o)
 .text.libgcc.builtins
                0x00000000        0x0 c:/program files (x86)/atmel/studio/7.0/toolchain/avr8/avr8-gnu-toolchain/bin/../lib/gcc/avr/5.4.0/avr5\libgcc.a(_exit.o)
 .text.libgcc.fmul
                0x00000000        0x0 c:/program files (x86)/atmel/studio/7.0/toolchain/avr8/avr8-gnu-toolchain/bin/../lib/gcc/avr/5.4.0/avr5\libgcc.a(_exit.o)
 .text.libgcc.fixed
                0x00000000        0x0 c:/program files (x86)/atmel/studio/7.0/toolchain/avr8/avr8-gnu-toolchain/bin/../lib/gcc/avr/5.4.0/avr5\libgcc.a(_exit.o)
 .text          0x00000000        0x0 c:/program files (x86)/atmel/studio/7.0/toolchain/avr8/avr8-gnu-toolchain/bin/../lib/gcc/avr/5.4.0/avr5\libgcc.a(_copy_data.o)
 .data          0x00000000        0x0 c:/program files (x86)/atmel/studio/7.0/toolchain/avr8/avr8-gnu-toolchain/bin/../lib/gcc/avr/5.4.0/avr5\libgcc.a(_copy_data.o)
 .bss           0x00000000        0x0 c:/program files (x86)/atmel/studio/7.0/toolchain/avr8/avr8-gnu-toolchain/bin/../lib/gcc/avr/5.4.0/avr5\libgcc.a(_copy_data.o)
 .text.libgcc.mul
                0x00000000        0x0 c:/program files (x86)/atmel/studio/7.0/toolchain/avr8/avr8-gnu-toolchain/bin/../lib/gcc/avr/5.4.0/avr5\libgcc.a(_copy_data.o)
 .text.libgcc.div
                0x00000000        0x0 c:/program files (x86)/atmel/studio/7.0/toolchain/avr8/avr8-gnu-toolchain/bin/../lib/gcc/avr/5.4.0/avr5\libgcc.a(_copy_data.o)
 .text.libgcc   0x00000000        0x0 c:/program files (x86)/atmel/studio/7.0/toolchain/avr8/avr8-gnu-toolchain/bin/../lib/gcc/avr/5.4.0/avr5\libgcc.a(_copy_data.o)
 .text.libgcc.prologue
                0x00000000        0x0 c:/program files (x86)/atmel/studio/7.0/toolchain/avr8/avr8-gnu-toolchain/bin/../lib/gcc/avr/5.4.0/avr5\libgcc.a(_copy_data.o)
 .text.libgcc.builtins
                0x00000000        0x0 c:/program files (x86)/atmel/studio/7.0/toolchain/avr8/avr8-gnu-toolchain/bin/../lib/gcc/avr/5.4.0/avr5\libgcc.a(_copy_data.o)
 .text.libgcc.fmul
                0x00000000        0x0 c:/program files (x86)/atmel/studio/7.0/toolchain/avr8/avr8-gnu-toolchain/bin/../lib/gcc/avr/5.4.0/avr5\libgcc.a(_copy_data.o)
 .text.libgcc.fixed
                0x00000000        0x0 c:/program files (x86)/atmel/studio/7.0/toolchain/avr8/avr8-gnu-toolchain/bin/../lib/gcc/avr/5.4.0/avr5\libgcc.a(_copy_data.o)
 .text          0x00000000        0x0 c:/program files (x86)/atmel/studio/7.0/toolchain/avr8/avr8-gnu-toolchain/bin/../lib/gcc/avr/5.4.0/avr5\libgcc.a(_clear_bss.o)
 .data          0x00000000        0x0 c:/program files (x86)/atmel/studio/7.0/toolchain/avr8/avr8-gnu-toolchain/bin/../lib/gcc/avr/5.4.0/avr5\libgcc.a(_clear_bss.o)
 .bss           0x00000000        0x0 c:/program files (x86)/atmel/studio/7.0/toolchain/avr8/avr8-gnu-toolchain/bin/../lib/gcc/avr/5.4.0/avr5\libgcc.a(_clear_bss.o)
 .text.libgcc.mul
                0x00000000        0x0 c:/program files (x86)/atmel/studio/7.0/toolchain/avr8/avr8-gnu-toolchain/bin/../lib/gcc/avr/5.4.0/avr5\libgcc.a(_clear_bss.o)
 .text.libgcc.div
                0x00000000        0x0 c:/program files (x86)/atmel/studio/7.0/toolchain/avr8/avr8-gnu-toolchain/bin/../lib/gcc/avr/5.4.0/avr5\libgcc.a(_clear_bss.o)
 .text.libgcc   0x00000000        0x0 c:/program files (x86)/atmel/studio/7.0/toolchain/avr8/avr8-gnu-toolchain/bin/../lib/gcc/avr/5.4.0/avr5\libgcc.a(_clear_bss.o)
 .text.libgcc.prologue
                0x00000000        0x0 c:/program files (x86)/atmel/studio/7.0/toolchain/avr8/avr8-gnu-toolchain/bin/../lib/gcc/avr/5.4.0/avr5\libgcc.a(_clear_bss.o)
 .text.libgcc.builtins
                0x00000000        0x0 c:/program files (x86)/atmel/studio/7.0/toolchain/avr8/avr8-gnu-toolchain/bin/../lib/gcc/avr/5.4.0/avr5\libgcc.a(_clear_bss.o)
 .text.libgcc.fmul
                0x00000000        0x0 c:/program files (x86)/atmel/studio/7.0/toolchain/avr8/avr8-gnu-toolchain/bin/../lib/gcc/avr/5.4.0/avr5\libgcc.a(_clear_bss.o)
 .text.libgcc.fixed
                0x00000000        0x0 c:/program files (x86)/atmel/studio/7.0/toolchain/avr8/avr8-gnu-toolchain/bin/../lib/gcc/avr/5.4.0/avr5\libgcc.a(_clear_bss.o)
 .text          0x00000000        0x0 c:/program files (x86)/atmel/studio/7.0/toolchain/avr8/avr8-gnu-toolchain/bin/../lib/gcc/avr/5.4.0/avr5\libgcc.a(_umulhisi3.o)
 .data          0x00000000        0x0 c:/program files (x86)/atmel/studio/7.0/toolchain/avr8/avr8-gnu-toolchain/bin/../lib/gcc/avr/5.4.0/avr5\libgcc.a(_umulhisi3.o)
 .bss           0x00000000        0x0 c:/program files (x86)/atmel/studio/7.0/toolchain/avr8/avr8-gnu-toolchain/bin/../lib/gcc/avr/5.4.0/avr5\libgcc.a(_umulhisi3.o)
 .text.libgcc.div
                0x00000000        0x0 c:/program files (x86)/atmel/studio/7.0/toolchain/avr8/avr8-gnu-toolchain/bin/../lib/gcc/avr/5.4.0/avr5\libgcc.a(_umulhisi3.o)
 .text.libgcc   0x00000000        0x0 c:/program files (x86)/atmel/studio/7.0/toolchain/avr8/avr8-gnu-toolchain/bin/../lib/gcc/avr/5.4.0/avr5\libgcc.a(_umulhisi3.o)
 .text.libgcc.prologue
                0x00000000        0x0 c:/program files (x86)/atmel/studio/7.0/toolchain/avr8/avr8-gnu-toolchain/bin/../lib/gcc/avr/5.4.0/avr5\libgcc.a(_umulhisi3.o)
 .text.libgcc.builtins
                0x00000000        0x0 c:/program files (x86)/atmel/studio/7.0/toolchain/avr8/avr8-gnu-toolchain/bin/../lib/gcc/avr/5.4.0/avr5\libgcc.a(_umulhisi3.o)
 .text.libgcc.fmul
                0x00000000        0x0 c:/program files (x86)/atmel/studio/7.0/toolchain/avr8/avr8-gnu-toolchain/bin/../lib/gcc/avr/5.4.0/avr5\libgcc.a(_umulhisi3.o)
 .text.libgcc.fixed
                0x00000000        0x0 c:/program files (x86)/atmel/studio/7.0/toolchain/avr8/avr8-gnu-toolchain/bin/../lib/gcc/avr/5.4.0/avr5\libgcc.a(_umulhisi3.o)
 .text          0x00000000        0x0 c:/program files (x86)/atmel/studio/7.0/toolchain/avr8/avr8-gnu-toolchain/bin/../lib/gcc/avr/5.4.0/avr5\libgcc.a(_udivmodsi4.o)
 .data          0x00000000        0x0 c:/program files (x86)/atmel/studio/7.0/toolchain/avr8/avr8-gnu-toolchain/bin/../lib/gcc/avr/5.4.0/avr5\libgcc.a(_udivmodsi4.o)
 .bss           0x00000000        0x0 c:/program files (x86)/atmel/studio/7.0/toolchain/avr8/avr8-gnu-toolchain/bin/../lib/gcc/avr/5.4.0/avr5\libgcc.a(_udivmodsi4.o)
 .text.libgcc.mul
                0x00000000        0x0 c:/program files (x86)/atmel/studio/7.0/toolchain/avr8/avr8-gnu-toolchain/bin/../lib/gcc/avr/5.4.0/avr5\libgcc.a(_udivmodsi4.o)
 .text.libgcc   0x00000000        0x0 c:/program files (x86)/atmel/studio/7.0/toolchain/avr8/avr8-gnu-toolchain/bin/../lib/gcc/avr/5.4.0/avr5\libgcc.a(_udivmodsi4.o)
 .text.libgcc.prologue
                0x00000000        0x0 c:/program files (x86)/atmel/studio/7.0/toolchain/avr8/avr8-gnu-toolchain/bin/../lib/gcc/avr/5.4.0/avr5\libgcc.a(_udivmodsi4.o)
 .text.libgcc.builtins
                0x00000000        0x0 c:/program files (x86)/atmel/studio/7.0/toolchain/avr8/avr8-gnu-toolchain/bin/../lib/gcc/avr/5.4.0/avr5\libgcc.a(_udivmodsi4.o)
 .text.libgcc.fmul
                0x00000000        0x0 c:/program files (x86)/atmel/studio/7.0/toolchain/avr8/avr8-gnu-toolchain/bin/../lib/gcc/avr/5.4.0/avr5\libgcc.a(_udivmodsi4.o)
 .text.libgcc.fixed
                0x00000000        0x0 c:/program files (x86)/atmel/studio/7.0/toolchain/avr8/avr8-gnu-toolchain/bin/../lib/gcc/avr/5.4.0/avr5\libgcc.a(_udivmodsi4.o)

Memory Configuration

Name             Origin             Length             Attributes
text             0x00000000         0x00008000         xr
data             0x00800060         0x00000800         rw !x
eeprom           0x00810000         0x00000400         rw !x
fuse             0x00820000         0x00000002         rw !x
lock             0x00830000         0x00000400         rw !x
signature        0x00840000         0x00000400         rw !x
user_signatures  0x00850000         0x00000400         rw !x
*default*        0x00000000         0xffffffff

Linker script and memory map

LOAD C:/Program Files (x86)/Atmel/Studio/7.0/Packs/atmel/ATmega_DFP/1.7.374/gcc/dev/atmega32/avr5/crtatmega32.o
LOAD APP/app.o
LOAD HAL/button/button.o
LOAD HAL/keypad/keypad.o
LOAD HAL/lcd/lcd.o
LOAD HAL/motor/motor.o
LOAD HAL/ultrasonic/us.o
LOAD main.o
LOAD MCAL/dio/dio.o
LOAD MCAL/dio/dio_cfg.o
LOAD MCAL/icu/icu.o
LOAD MCAL/Interrupt/exi.o
LOAD MCAL/pwm/pwm.o
LOAD MCAL/pwm/pwm_lcfg.o
LOAD MCAL/timers/timer.o
START GROUP
LOAD c:/program files (x86)/atmel/studio/7.0/toolchain/avr8/avr8-gnu-toolchain/bin/../lib/gcc/avr/5.4.0/../../../../avr/lib/avr5\libm.a
END GROUP
START GROUP
LOAD c:/program files (x86)/atmel/studio/7.0/toolchain/avr8/avr8-gnu-toolchain/bin/../lib/gcc/avr/5.4.0/avr5\libgcc.a
LOAD c:/program files (x86)/atmel/studio/7.0/toolchain/avr8/avr8-gnu-toolchain/bin/../lib/gcc/avr/5.4.0/../../../../avr/lib/avr5\libm.a
LOAD c:/program files (x86)/atmel/studio/7.0/toolchain/avr8/avr8-gnu-toolchain/bin/../lib/gcc/avr/5.4.0/../../../../avr/lib/avr5\libc.a
LOAD C:/Program Files (x86)/Atmel/Studio/7.0/Packs/atmel/ATmega_DFP/1.7.374/gcc/dev/atmega32/avr5\libatmega32.a
END GROUP
                0x00000000                __TEXT_REGION_ORIGIN__ = DEFINED (__TEXT_REGION_ORIGIN__)?__TEXT_REGION_ORIGIN__:0x0
                [0x00800060]                __DATA_REGION_ORIGIN__ = DEFINED (__DATA_REGION_ORIGIN__)?__DATA_REGION_ORIGIN__:0x800060
                [0x00008000]                __TEXT_REGION_LENGTH__ = DEFINED (__TEXT_REGION_LENGTH__)?__TEXT_REGION_LENGTH__:0x20000
                [0x00000800]                __DATA_REGION_LENGTH__ = DEFINED (__DATA_REGION_LENGTH__)?__DATA_REGION_LENGTH__:0xffa0
                [0x00000400]                __EEPROM_REGION_LENGTH__ = DEFINED (__EEPROM_REGION_LENGTH__)?__EEPROM_REGION_LENGTH__:0x10000
                [0x00000002]                __FUSE_REGION_LENGTH__ = DEFINED (__FUSE_REGION_LENGTH__)?__FUSE_REGION_LENGTH__:0x400
                0x00000400                __LOCK_REGION_LENGTH__ = DEFINED (__LOCK_REGION_LENGTH__)?__LOCK_REGION_LENGTH__:0x400
                0x00000400                __SIGNATURE_REGION_LENGTH__ = DEFINED (__SIGNATURE_REGION_LENGTH__)?__SIGNATURE_REGION_LENGTH__:0x400
                0x00000400                __USER_SIGNATURE_REGION_LENGTH__ = DEFINED (__USER_SIGNATURE_REGION_LENGTH__)?__USER_SIGNATURE_REGION_LENGTH__:0x400

.hash
 *(.hash)

.dynsym
 *(.dynsym)

.dynstr
 *(.dynstr)

.gnu.version
 *(.gnu.version)

.gnu.version_d
 *(.gnu.version_d)

.gnu.version_r
 *(.gnu.version_r)

.rel.init
 *(.rel.init)

.rela.init
 *(.rela.init)

.rel.text
 *(.rel.text)
 *(.rel.text.*)
 *(.rel.gnu.linkonce.t*)

.rela.text
 *(.rela.text)
 *(.rela.text.*)
 *(.rela.gnu.linkonce.t*)

.rel.fini
 *(.rel.fini)

.rela.fini
 *(.rela.fini)

.rel.rodata
 *(.rel.rodata)
 *(.rel.rodata.*)
 *(.rel.gnu.linkonce.r*)

.rela.rodata
 *(.rela.rodata)
 *(.rela.rodata.*)
 *(.rela.gnu.linkonce.r*)

.rel.data
 *(.rel.data)
 *(.rel.data.*)
 *(.rel.gnu.linkonce.d*)

.rela.data
 *(.rela.data)
 *(.rela.data.*)
 *(.rela.gnu.linkonce.d*)

.rel.ctors
 *(.rel.ctors)

.rela.ctors
 *(.rela.ctors)

.rel.dtors
 *(.rel.dtors)

.rela.dtors
 *(.rela.dtors)

.rel.got
 *(.rel.got)

.rela.got
 *(.rela.got)

.rel.bss
 *(.rel.bss)

.rela.bss
 *(.rela.bss)

.rel.plt
 *(.rel.plt)

.rela.plt
 *(.rela.plt)

.text           0x00000000     0x1880
 *(.vectors)
 .vectors       0x00000000       0x54 C:/Program Files (x86)/Atmel/Studio/7.0/Packs/atmel/ATmega_DFP/1.7.374/gcc/dev/atmega32/avr5/crtatmega32.o
                0x00000000                __vector_default
                0x00000000                __vectors
 *(.vectors)
 *(.progmem.gcc*)
                0x00000054                . = ALIGN (0x2)
                0x00000054                __trampolines_start = .
 *(.trampolines)
 .trampolines   0x00000054        0x0 linker stubs
 *(.trampolines*)
                0x00000054                __trampolines_end = .
 *libprintf_flt.a:*(.progmem.data)
 *libc.a:*(.progmem.data)
 *(.progmem*)
                0x00000054                . = ALIGN (0x2)
 *(.jumptables)
 *(.jumptables*)
 *(.lowtext)
 *(.lowtext*)
                0x00000054                __ctors_start = .
 *(.ctors)
                0x00000054                __ctors_end = .
                0x00000054                __dtors_start = .
 *(.dtors)
                0x00000054                __dtors_end = .
 SORT(*)(.ctors)
 SORT(*)(.dtors)
 *(.init0)
 .init0         0x00000054        0x0 C:/Program Files (x86)/Atmel/Studio/7.0/Packs/atmel/ATmega_DFP/1.7.374/gcc/dev/atmega32/avr5/crtatmega32.o
                0x00000054                __init
 *(.init0)
 *(.init1)
 *(.init1)
 *(.init2)
 .init2         0x00000054        0xc C:/Program Files (x86)/Atmel/Studio/7.0/Packs/atmel/ATmega_DFP/1.7.374/gcc/dev/atmega32/avr5/crtatmega32.o
 *(.init2)
 *(.init3)
 *(.init3)
 *(.init4)
 .init4         0x00000060       0x16 c:/program files (x86)/atmel/studio/7.0/toolchain/avr8/avr8-gnu-toolchain/bin/../lib/gcc/avr/5.4.0/avr5\libgcc.a(_copy_data.o)
                0x00000060                __do_copy_data
 .init4         0x00000076       0x10 c:/program files (x86)/atmel/studio/7.0/toolchain/avr8/avr8-gnu-toolchain/bin/../lib/gcc/avr/5.4.0/avr5\libgcc.a(_clear_bss.o)
                0x00000076                __do_clear_bss
 *(.init4)
 *(.init5)
 *(.init5)
 *(.init6)
 *(.init6)
 *(.init7)
 *(.init7)
 *(.init8)
 *(.init8)
 *(.init9)
 .init9         0x00000086        0x8 C:/Program Files (x86)/Atmel/Studio/7.0/Packs/atmel/ATmega_DFP/1.7.374/gcc/dev/atmega32/avr5/crtatmega32.o
 *(.init9)
 *(.text)
 .text          0x0000008e        0x4 C:/Program Files (x86)/Atmel/Studio/7.0/Packs/atmel/ATmega_DFP/1.7.374/gcc/dev/atmega32/avr5/crtatmega32.o
                0x0000008e                __vector_12
                0x0000008e                __bad_interrupt
                0x0000008e                __vector_13
                0x0000008e                __vector_17
                0x0000008e                __vector_19
                0x0000008e                __vector_7
                0x0000008e                __vector_4
                0x0000008e                __vector_15
                0x0000008e                __vector_14
                0x0000008e                __vector_10
                0x0000008e                __vector_16
                0x0000008e                __vector_18
                0x0000008e                __vector_20
                0x00000092                . = ALIGN (0x2)
 *(.text.*)
 .text.Speed_50_check
                0x00000092       0x7c APP/app.o
                0x00000092                Speed_50_check
 .text.car_Forward_30
                0x0000010e       0x56 APP/app.o
                0x0000010e                car_Forward_30
 .text.car_Forward_50
                0x00000164       0x56 APP/app.o
                0x00000164                car_Forward_50
 .text.car_Rotating
                0x000001ba       0x76 APP/app.o
                0x000001ba                car_Rotating
 .text.car_Backword_30
                0x00000230       0x6c APP/app.o
                0x00000230                car_Backword_30
 .text.Car_Stopping
                0x0000029c       0x56 APP/app.o
                0x0000029c                Car_Stopping
 .text.app_init
                0x000002f2       0x38 APP/app.o
                0x000002f2                app_init
 .text.app_start
                0x0000032a       0xc4 APP/app.o
                0x0000032a                app_start
 .text.KEYPAD_init
                0x000003ee       0x34 HAL/keypad/keypad.o
                0x000003ee                KEYPAD_init
 .text.WriteIns
                0x00000422       0xc0 HAL/lcd/lcd.o
 .text.WriteData
                0x000004e2       0xc0 HAL/lcd/lcd.o
 .text.LCD_Init
                0x000005a2       0x3e HAL/lcd/lcd.o
                0x000005a2                LCD_Init
 .text.LCD_WriteChar
                0x000005e0        0x6 HAL/lcd/lcd.o
                0x000005e0                LCD_WriteChar
 .text.LCD_WriteString
                0x000005e6       0x26 HAL/lcd/lcd.o
                0x000005e6                LCD_WriteString
 .text.LCD_SetCursor
                0x0000060c       0x1c HAL/lcd/lcd.o
                0x0000060c                LCD_SetCursor
 .text.LCD_Clear
                0x00000628       0x14 HAL/lcd/lcd.o
                0x00000628                LCD_Clear
 .text.LCD_WriteNumber
                0x0000063c       0xc2 HAL/lcd/lcd.o
                0x0000063c                LCD_WriteNumber
 .text.LCD_PinsInit
                0x000006fe       0x3a HAL/lcd/lcd.o
                0x000006fe                LCD_PinsInit
 .text.Car_Motors_init
                0x00000738       0x24 HAL/motor/motor.o
                0x00000738                Car_Motors_init
 .text.Car_Moving_FWD
                0x0000075c       0x24 HAL/motor/motor.o
                0x0000075c                Car_Moving_FWD
 .text.Car_Moving_BWD
                0x00000780       0x24 HAL/motor/motor.o
                0x00000780                Car_Moving_BWD
 .text.Car_Stop
                0x000007a4       0x24 HAL/motor/motor.o
                0x000007a4                Car_Stop
 .text.Car_Rotate_Right
                0x000007c8       0x24 HAL/motor/motor.o
                0x000007c8                Car_Rotate_Right
 .text.Car_Rotate_Left
                0x000007ec       0x24 HAL/motor/motor.o
                0x000007ec                Car_Rotate_Left
 .text.US_trigger
                0x00000810       0x20 HAL/ultrasonic/us.o
 .text.US_init  0x00000830        0x6 HAL/ultrasonic/us.o
                0x00000830                US_init
 .text.US_getdistance
                0x00000836       0x48 HAL/ultrasonic/us.o
                0x00000836                US_getdistance
 .text.main     0x0000087e        0xa main.o
                0x0000087e                main
 .text.DIO_initpin
                0x00000888      0x222 MCAL/dio/dio.o
                0x00000888                DIO_initpin
 .text.DIO_Init_All
                0x00000aaa       0x20 MCAL/dio/dio.o
                0x00000aaa                DIO_Init_All
 .text.DIO_writepin
                0x00000aca      0x12a MCAL/dio/dio.o
                0x00000aca                DIO_writepin
 .text.ICU_Read_callbackfun
                0x00000bf4       0x4c MCAL/icu/icu.o
 .text.ICU_init
                0x00000c40       0x22 MCAL/icu/icu.o
                0x00000c40                ICU_init
 .text.ICU_Read
                0x00000c62       0x76 MCAL/icu/icu.o
                0x00000c62                ICU_Read
 .text.EXI_Enable
                0x00000cd8       0x24 MCAL/Interrupt/exi.o
                0x00000cd8                EXI_Enable
 .text.EXI_TriggerEdge
                0x00000cfc       0xc0 MCAL/Interrupt/exi.o
                0x00000cfc                EXI_TriggerEdge
 .text.EXI_SetCallBack
                0x00000dbc       0x2a MCAL/Interrupt/exi.o
                0x00000dbc                EXI_SetCallBack
 .text.__vector_1
                0x00000de6       0x52 MCAL/Interrupt/exi.o
                0x00000de6                __vector_1
 .text.__vector_2
                0x00000e38       0x52 MCAL/Interrupt/exi.o
                0x00000e38                __vector_2
 .text.__vector_3
                0x00000e8a       0x52 MCAL/Interrupt/exi.o
                0x00000e8a                __vector_3
 .text.waveGen  0x00000edc       0xa6 MCAL/pwm/pwm.o
                0x00000edc                waveGen
 .text.pwm_init
                0x00000f82       0x1c MCAL/pwm/pwm.o
                0x00000f82                pwm_init
 .text.PWM_set_duty
                0x00000f9e       0xd4 MCAL/pwm/pwm.o
                0x00000f9e                PWM_set_duty
 .text.TIMER0_Init
                0x00001072       0x48 MCAL/timers/timer.o
                0x00001072                TIMER0_Init
 .text.timer_start
                0x000010ba       0x18 MCAL/timers/timer.o
                0x000010ba                timer_start
 .text.TIMER0_OV_SetCallBack
                0x000010d2        0xa MCAL/timers/timer.o
                0x000010d2                TIMER0_OV_SetCallBack
 .text.__vector_11
                0x000010dc       0x52 MCAL/timers/timer.o
                0x000010dc                __vector_11
 .text.TIMER0_OV_InterruptEnable
                0x0000112e        0x8 MCAL/timers/timer.o
                0x0000112e                TIMER0_OV_InterruptEnable
 .text.Timer1_Init
                0x00001136       0xa8 MCAL/timers/timer.o
                0x00001136                Timer1_Init
 .text.__vector_9
                0x000011de       0x52 MCAL/timers/timer.o
                0x000011de                __vector_9
 .text.__vector_8
                0x00001230       0x52 MCAL/timers/timer.o
                0x00001230                __vector_8
 .text.__vector_6
                0x00001282       0x52 MCAL/timers/timer.o
                0x00001282                __vector_6
 .text.timer1_ReadCounts
                0x000012d4        0xc MCAL/timers/timer.o
                0x000012d4                timer1_ReadCounts
 .text.timer1_setTimerValue
                0x000012e0        0x8 MCAL/timers/timer.o
                0x000012e0                timer1_setTimerValue
 .text.TIMER2_Init
                0x000012e8       0x48 MCAL/timers/timer.o
                0x000012e8                TIMER2_Init
 .text.TIMER_2_setIntialValue
                0x00001330        0x6 MCAL/timers/timer.o
                0x00001330                TIMER_2_setIntialValue
 .text.timer2_start
                0x00001336       0x18 MCAL/timers/timer.o
                0x00001336                timer2_start
 .text.TIMER2_OV_InterruptEnable
                0x0000134e        0x8 MCAL/timers/timer.o
                0x0000134e                TIMER2_OV_InterruptEnable
 .text.TIMER_2_INT
                0x00001356       0x18 MCAL/timers/timer.o
                0x00001356                TIMER_2_INT
 .text.TIMER2_OV_SetCallBack
                0x0000136e        0xa MCAL/timers/timer.o
                0x0000136e                TIMER2_OV_SetCallBack
 .text.__vector_5
                0x00001378       0x52 MCAL/timers/timer.o
                0x00001378                __vector_5
 .text.avr-libc.fplib
                0x000013ca        0xe c:/program files (x86)/atmel/studio/7.0/toolchain/avr8/avr8-gnu-toolchain/bin/../lib/gcc/avr/5.4.0/../../../../avr/lib/avr5\libm.a(addsf3.o)
                0x000013ca                __subsf3
                0x000013cc                __addsf3
 .text.avr-libc.fplib
                0x000013d8       0xcc c:/program files (x86)/atmel/studio/7.0/toolchain/avr8/avr8-gnu-toolchain/bin/../lib/gcc/avr/5.4.0/../../../../avr/lib/avr5\libm.a(addsf3x.o)
                0x000013fa                __addsf3x
 .text.avr-libc.fplib
                0x000014a4        0x8 c:/program files (x86)/atmel/studio/7.0/toolchain/avr8/avr8-gnu-toolchain/bin/../lib/gcc/avr/5.4.0/../../../../avr/lib/avr5\libm.a(divsf3.o)
                0x000014a4                __divsf3
 .text.avr-libc.fplib
                0x000014ac       0xdc c:/program files (x86)/atmel/studio/7.0/toolchain/avr8/avr8-gnu-toolchain/bin/../lib/gcc/avr/5.4.0/../../../../avr/lib/avr5\libm.a(divsf3x.o)
                0x000014cc                __divsf3x
                0x000014d2                __divsf3_pse
 .text.avr-libc.fplib
                0x00001588       0x5e c:/program files (x86)/atmel/studio/7.0/toolchain/avr8/avr8-gnu-toolchain/bin/../lib/gcc/avr/5.4.0/../../../../avr/lib/avr5\libm.a(fixunssfsi.o)
                0x00001588                __fixunssfsi
 .text.avr-libc.fplib
                0x000015e6       0x7a c:/program files (x86)/atmel/studio/7.0/toolchain/avr8/avr8-gnu-toolchain/bin/../lib/gcc/avr/5.4.0/../../../../avr/lib/avr5\libm.a(floatsisf.o)
                0x000015e6                __floatunsisf
                0x000015ea                __floatsisf
 .text.avr-libc.fplib
                0x00001660        0xc c:/program files (x86)/atmel/studio/7.0/toolchain/avr8/avr8-gnu-toolchain/bin/../lib/gcc/avr/5.4.0/../../../../avr/lib/avr5\libm.a(fp_inf.o)
                0x00001660                __fp_inf
 .text.avr-libc.fplib
                0x0000166c        0x6 c:/program files (x86)/atmel/studio/7.0/toolchain/avr8/avr8-gnu-toolchain/bin/../lib/gcc/avr/5.4.0/../../../../avr/lib/avr5\libm.a(fp_nan.o)
                0x0000166c                __fp_nan
 .text.avr-libc.fplib
                0x00001672        0xe c:/program files (x86)/atmel/studio/7.0/toolchain/avr8/avr8-gnu-toolchain/bin/../lib/gcc/avr/5.4.0/../../../../avr/lib/avr5\libm.a(fp_pscA.o)
                0x00001672                __fp_pscA
 .text.avr-libc.fplib
                0x00001680        0xe c:/program files (x86)/atmel/studio/7.0/toolchain/avr8/avr8-gnu-toolchain/bin/../lib/gcc/avr/5.4.0/../../../../avr/lib/avr5\libm.a(fp_pscB.o)
                0x00001680                __fp_pscB
 .text.avr-libc.fplib
                0x0000168e       0x22 c:/program files (x86)/atmel/studio/7.0/toolchain/avr8/avr8-gnu-toolchain/bin/../lib/gcc/avr/5.4.0/../../../../avr/lib/avr5\libm.a(fp_round.o)
                0x0000168e                __fp_round
 .text.avr-libc.fplib
                0x000016b0       0x44 c:/program files (x86)/atmel/studio/7.0/toolchain/avr8/avr8-gnu-toolchain/bin/../lib/gcc/avr/5.4.0/../../../../avr/lib/avr5\libm.a(fp_split3.o)
                0x000016b0                __fp_split3
                0x000016c0                __fp_splitA
 .text.avr-libc.fplib
                0x000016f4        0xe c:/program files (x86)/atmel/studio/7.0/toolchain/avr8/avr8-gnu-toolchain/bin/../lib/gcc/avr/5.4.0/../../../../avr/lib/avr5\libm.a(fp_zero.o)
                0x000016f4                __fp_zero
                0x000016f6                __fp_szero
 .text.avr-libc.fplib
                0x00001702        0x8 c:/program files (x86)/atmel/studio/7.0/toolchain/avr8/avr8-gnu-toolchain/bin/../lib/gcc/avr/5.4.0/../../../../avr/lib/avr5\libm.a(mulsf3.o)
                0x00001702                __mulsf3
 .text.avr-libc.fplib
                0x0000170a       0xd2 c:/program files (x86)/atmel/studio/7.0/toolchain/avr8/avr8-gnu-toolchain/bin/../lib/gcc/avr/5.4.0/../../../../avr/lib/avr5\libm.a(mulsf3x.o)
                0x00001728                __mulsf3x
                0x0000172e                __mulsf3_pse
 .text.libgcc.div
                0x000017dc       0x2e c:/program files (x86)/atmel/studio/7.0/toolchain/avr8/avr8-gnu-toolchain/bin/../lib/gcc/avr/5.4.0/avr5\libgcc.a(_divmodsi4.o)
                0x000017dc                __divmodsi4
 .text.libgcc.div
                0x0000180a       0x10 c:/program files (x86)/atmel/studio/7.0/toolchain/avr8/avr8-gnu-toolchain/bin/../lib/gcc/avr/5.4.0/avr5\libgcc.a(_negsi2.o)
                0x0000180a                __negsi2
 .text.libgcc.mul
                0x0000181a       0x1e c:/program files (x86)/atmel/studio/7.0/toolchain/avr8/avr8-gnu-toolchain/bin/../lib/gcc/avr/5.4.0/avr5\libgcc.a(_umulhisi3.o)
                0x0000181a                __umulhisi3
 .text.libgcc.div
                0x00001838       0x44 c:/program files (x86)/atmel/studio/7.0/toolchain/avr8/avr8-gnu-toolchain/bin/../lib/gcc/avr/5.4.0/avr5\libgcc.a(_udivmodsi4.o)
                0x00001838                __udivmodsi4
                0x0000187c                . = ALIGN (0x2)
 *(.fini9)
 .fini9         0x0000187c        0x0 c:/program files (x86)/atmel/studio/7.0/toolchain/avr8/avr8-gnu-toolchain/bin/../lib/gcc/avr/5.4.0/avr5\libgcc.a(_exit.o)
                0x0000187c                _exit
                0x0000187c                exit
 *(.fini9)
 *(.fini8)
 *(.fini8)
 *(.fini7)
 *(.fini7)
 *(.fini6)
 *(.fini6)
 *(.fini5)
 *(.fini5)
 *(.fini4)
 *(.fini4)
 *(.fini3)
 *(.fini3)
 *(.fini2)
 *(.fini2)
 *(.fini1)
 *(.fini1)
 *(.fini0)
 .fini0         0x0000187c        0x4 c:/program files (x86)/atmel/studio/7.0/toolchain/avr8/avr8-gnu-toolchain/bin/../lib/gcc/avr/5.4.0/avr5\libgcc.a(_exit.o)
 *(.fini0)
                0x00001880                _etext = .

.data           0x00800060       0x84 load address 0x00001880
                0x00800060                PROVIDE (__data_start, .)
 *(.data)
 *(.data*)
 .data.g_start_Flag
                0x00800060        0x1 APP/app.o
                0x00800060                g_start_Flag
 .data.g_counter
                0x00800061        0x1 APP/app.o
                0x00800061                g_counter
 .data.g_speed_flag
                0x00800062        0x1 MCAL/timers/timer.o
                0x00800062                g_speed_flag
 *(.gnu.linkonce.d*)
 *(.rodata)
 *(.rodata*)
 .rodata.str1.1
                0x00800063       0x60 APP/app.o
 .rodata.PinsStatusArray
                0x008000c3       0x20 MCAL/dio/dio_cfg.o
                0x008000c3                PinsStatusArray
 *(.gnu.linkonce.r*)
                0x008000e4                . = ALIGN (0x2)
 *fill*         0x008000e3        0x1 
                0x008000e4                _edata = .
                0x008000e4                PROVIDE (__data_end, .)

.bss            0x008000e4       0x2d
                0x008000e4                PROVIDE (__bss_start, .)
 *(.bss)
 *(.bss*)
 .bss.ICU_flag  0x008000e4        0x2 MCAL/icu/icu.o
 .bss.t2        0x008000e6        0x2 MCAL/icu/icu.o
 .bss.t1        0x008000e8        0x2 MCAL/icu/icu.o
 .bss.INT2_Fptr
                0x008000ea        0x2 MCAL/Interrupt/exi.o
 .bss.INT1_Fptr
                0x008000ec        0x2 MCAL/Interrupt/exi.o
 .bss.INT0_Fptr
                0x008000ee        0x2 MCAL/Interrupt/exi.o
 .bss.OV.2058   0x008000f0        0x4 MCAL/pwm/pwm.o
 .bss.u32_OFFTicks
                0x008000f4        0x4 MCAL/pwm/pwm.o
                0x008000f4                u32_OFFTicks
 .bss.u32_ONTicks
                0x008000f8        0x4 MCAL/pwm/pwm.o
                0x008000f8                u32_ONTicks
 .bss.mode_ovf  0x008000fc        0x4 MCAL/timers/timer.o
                0x008000fc                mode_ovf
 .bss.car_mode  0x00800100        0x1 MCAL/timers/timer.o
                0x00800100                car_mode
 .bss.Timer2_OVF_Fptr
                0x00800101        0x2 MCAL/timers/timer.o
 .bss.Timer1_ICU_Fptr
                0x00800103        0x2 MCAL/timers/timer.o
 .bss.Timer1_OCB_Fptr
                0x00800105        0x2 MCAL/timers/timer.o
 .bss.Timer1_OVF_Fptr
                0x00800107        0x2 MCAL/timers/timer.o
 .bss.Timer0_OVF_Fptr
                0x00800109        0x2 MCAL/timers/timer.o
 *(COMMON)
 COMMON         0x0080010b        0x6 APP/app.o
                0x0080010b                g_distance
                0x0080010d                ovf
                0x00800111                PROVIDE (__bss_end, .)
                0x00001880                __data_load_start = LOADADDR (.data)
                0x00001904                __data_load_end = (__data_load_start + SIZEOF (.data))

.noinit         0x00800111        0x0
                [!provide]                PROVIDE (__noinit_start, .)
 *(.noinit*)
                [!provide]                PROVIDE (__noinit_end, .)
                0x00800111                _end = .
                [!provide]                PROVIDE (__heap_start, .)

.eeprom         0x00810000        0x0
 *(.eeprom*)
                0x00810000                __eeprom_end = .

.fuse
 *(.fuse)
 *(.lfuse)
 *(.hfuse)
 *(.efuse)

.lock
 *(.lock*)

.signature
 *(.signature*)

.user_signatures
 *(.user_signatures*)

.stab
 *(.stab)

.stabstr
 *(.stabstr)

.stab.excl
 *(.stab.excl)

.stab.exclstr
 *(.stab.exclstr)

.stab.index
 *(.stab.index)

.stab.indexstr
 *(.stab.indexstr)

.comment        0x00000000       0x30
 *(.comment)
 .comment       0x00000000       0x30 APP/app.o
                                 0x31 (size before relaxing)
 .comment       0x00000030       0x31 HAL/keypad/keypad.o
 .comment       0x00000030       0x31 HAL/lcd/lcd.o
 .comment       0x00000030       0x31 HAL/motor/motor.o
 .comment       0x00000030       0x31 HAL/ultrasonic/us.o
 .comment       0x00000030       0x31 main.o
 .comment       0x00000030       0x31 MCAL/dio/dio.o
 .comment       0x00000030       0x31 MCAL/dio/dio_cfg.o
 .comment       0x00000030       0x31 MCAL/icu/icu.o
 .comment       0x00000030       0x31 MCAL/Interrupt/exi.o
 .comment       0x00000030       0x31 MCAL/pwm/pwm.o
 .comment       0x00000030       0x31 MCAL/timers/timer.o

.note.gnu.avr.deviceinfo
                0x00000000       0x3c
 .note.gnu.avr.deviceinfo
                0x00000000       0x3c C:/Program Files (x86)/Atmel/Studio/7.0/Packs/atmel/ATmega_DFP/1.7.374/gcc/dev/atmega32/avr5/crtatmega32.o

.note.gnu.build-id
 *(.note.gnu.build-id)

.debug
 *(.debug)

.line
 *(.line)

.debug_srcinfo
 *(.debug_srcinfo)

.debug_sfnames
 *(.debug_sfnames)

.debug_aranges  0x00000000      0x438
 *(.debug_aranges)
 .debug_aranges
                0x00000000       0x58 APP/app.o
 .debug_aranges
                0x00000058       0x28 HAL/keypad/keypad.o
 .debug_aranges
                0x00000080       0x80 HAL/lcd/lcd.o
 .debug_aranges
                0x00000100       0x48 HAL/motor/motor.o
 .debug_aranges
                0x00000148       0x30 HAL/ultrasonic/us.o
 .debug_aranges
                0x00000178       0x20 main.o
 .debug_aranges
                0x00000198       0x48 MCAL/dio/dio.o
 .debug_aranges
                0x000001e0       0x18 MCAL/dio/dio_cfg.o
 .debug_aranges
                0x000001f8       0x30 MCAL/icu/icu.o
 .debug_aranges
                0x00000228       0x58 MCAL/Interrupt/exi.o
 .debug_aranges
                0x00000280       0x40 MCAL/pwm/pwm.o
 .debug_aranges
                0x000002c0      0x178 MCAL/timers/timer.o

.debug_pubnames
 *(.debug_pubnames)

.debug_info     0x00000000     0x42b0
 *(.debug_info .gnu.linkonce.wi.*)
 .debug_info    0x00000000      0x4e6 C:/Program Files (x86)/Atmel/Studio/7.0/Packs/atmel/ATmega_DFP/1.7.374/gcc/dev/atmega32/avr5/crtatmega32.o
 .debug_info    0x000004e6      0x9c7 APP/app.o
 .debug_info    0x00000ead      0x3a5 HAL/keypad/keypad.o
 .debug_info    0x00001252      0xbeb HAL/lcd/lcd.o
 .debug_info    0x00001e3d      0x4a9 HAL/motor/motor.o
 .debug_info    0x000022e6      0x35d HAL/ultrasonic/us.o
 .debug_info    0x00002643       0xca main.o
 .debug_info    0x0000270d      0x483 MCAL/dio/dio.o
 .debug_info    0x00002b90      0x1a2 MCAL/dio/dio_cfg.o
 .debug_info    0x00002d32      0x38d MCAL/icu/icu.o
 .debug_info    0x000030bf      0x279 MCAL/Interrupt/exi.o
 .debug_info    0x00003338      0x4c8 MCAL/pwm/pwm.o
 .debug_info    0x00003800      0xab0 MCAL/timers/timer.o

.debug_abbrev   0x00000000     0x140e
 *(.debug_abbrev)
 .debug_abbrev  0x00000000      0x4a3 C:/Program Files (x86)/Atmel/Studio/7.0/Packs/atmel/ATmega_DFP/1.7.374/gcc/dev/atmega32/avr5/crtatmega32.o
 .debug_abbrev  0x000004a3      0x16f APP/app.o
 .debug_abbrev  0x00000612      0x15a HAL/keypad/keypad.o
 .debug_abbrev  0x0000076c      0x1d6 HAL/lcd/lcd.o
 .debug_abbrev  0x00000942       0xac HAL/motor/motor.o
 .debug_abbrev  0x000009ee      0x1aa HAL/ultrasonic/us.o
 .debug_abbrev  0x00000b98       0x68 main.o
 .debug_abbrev  0x00000c00      0x152 MCAL/dio/dio.o
 .debug_abbrev  0x00000d52       0x75 MCAL/dio/dio_cfg.o
 .debug_abbrev  0x00000dc7      0x194 MCAL/icu/icu.o
 .debug_abbrev  0x00000f5b       0xe4 MCAL/Interrupt/exi.o
 .debug_abbrev  0x0000103f      0x132 MCAL/pwm/pwm.o
 .debug_abbrev  0x00001171      0x29d MCAL/timers/timer.o

.debug_line     0x00000000     0x235e
 *(.debug_line .debug_line.* .debug_line_end)
 .debug_line    0x00000000      0x116 C:/Program Files (x86)/Atmel/Studio/7.0/Packs/atmel/ATmega_DFP/1.7.374/gcc/dev/atmega32/avr5/crtatmega32.o
 .debug_line    0x00000116      0x521 APP/app.o
 .debug_line    0x00000637      0x162 HAL/keypad/keypad.o
 .debug_line    0x00000799      0x501 HAL/lcd/lcd.o
 .debug_line    0x00000c9a      0x178 HAL/motor/motor.o
 .debug_line    0x00000e12      0x251 HAL/ultrasonic/us.o
 .debug_line    0x00001063       0x5b main.o
 .debug_line    0x000010be      0x463 MCAL/dio/dio.o
 .debug_line    0x00001521       0x3c MCAL/dio/dio_cfg.o
 .debug_line    0x0000155d      0x23f MCAL/icu/icu.o
 .debug_line    0x0000179c      0x23c MCAL/Interrupt/exi.o
 .debug_line    0x000019d8      0x20b MCAL/pwm/pwm.o
 .debug_line    0x00001be3      0x77b MCAL/timers/timer.o

.debug_frame    0x00000000      0xb48
 *(.debug_frame)
 .debug_frame   0x00000000       0x94 APP/app.o
 .debug_frame   0x00000094       0x5c HAL/keypad/keypad.o
 .debug_frame   0x000000f0      0x164 HAL/lcd/lcd.o
 .debug_frame   0x00000254       0x74 HAL/motor/motor.o
 .debug_frame   0x000002c8       0x60 HAL/ultrasonic/us.o
 .debug_frame   0x00000328       0x24 main.o
 .debug_frame   0x0000034c       0x7c MCAL/dio/dio.o
 .debug_frame   0x000003c8       0x58 MCAL/icu/icu.o
 .debug_frame   0x00000420      0x16c MCAL/Interrupt/exi.o
 .debug_frame   0x0000058c       0xdc MCAL/pwm/pwm.o
 .debug_frame   0x00000668      0x4e0 MCAL/timers/timer.o

.debug_str      0x00000000     0x1412
 *(.debug_str)
 .debug_str     0x00000000      0x196 C:/Program Files (x86)/Atmel/Studio/7.0/Packs/atmel/ATmega_DFP/1.7.374/gcc/dev/atmega32/avr5/crtatmega32.o
 .debug_str     0x00000196      0x52b APP/app.o
                                0x55f (size before relaxing)
 .debug_str     0x000006c1       0xee HAL/keypad/keypad.o
                                0x3a4 (size before relaxing)
 .debug_str     0x000007af       0x88 HAL/lcd/lcd.o
                                0x3fa (size before relaxing)
 .debug_str     0x00000837       0x3b HAL/motor/motor.o
                                0x36a (size before relaxing)
 .debug_str     0x00000872       0x6f HAL/ultrasonic/us.o
                                0x376 (size before relaxing)
 .debug_str     0x000008e1       0x11 main.o
                                0x1fd (size before relaxing)
 .debug_str     0x000008f2       0xfc MCAL/dio/dio.o
                                0x3fb (size before relaxing)
 .debug_str     0x000009ee       0x16 MCAL/dio/dio_cfg.o
                                0x2fb (size before relaxing)
 .debug_str     0x00000a04      0x1df MCAL/icu/icu.o
                                0x423 (size before relaxing)
 .debug_str     0x00000be3       0xa7 MCAL/Interrupt/exi.o
                                0x2fc (size before relaxing)
 .debug_str     0x00000c8a      0x13f MCAL/pwm/pwm.o
                                0x44a (size before relaxing)
 .debug_str     0x00000dc9      0x649 MCAL/timers/timer.o
                                0xada (size before relaxing)

.debug_loc      0x00000000     0x2717
 *(.debug_loc)
 .debug_loc     0x00000000       0x48 APP/app.o
 .debug_loc     0x00000048      0x11d HAL/keypad/keypad.o
 .debug_loc     0x00000165      0x817 HAL/lcd/lcd.o
 .debug_loc     0x0000097c       0xdf HAL/ultrasonic/us.o
 .debug_loc     0x00000a5b      0x976 MCAL/dio/dio.o
 .debug_loc     0x000013d1       0xdb MCAL/icu/icu.o
 .debug_loc     0x000014ac      0x422 MCAL/Interrupt/exi.o
 .debug_loc     0x000018ce      0x2d6 MCAL/pwm/pwm.o
 .debug_loc     0x00001ba4      0xb73 MCAL/timers/timer.o

.debug_macinfo
 *(.debug_macinfo)

.debug_weaknames
 *(.debug_weaknames)

.debug_funcnames
 *(.debug_funcnames)

.debug_typenames
 *(.debug_typenames)

.debug_varnames
 *(.debug_varnames)

.debug_pubtypes
 *(.debug_pubtypes)

.debug_ranges   0x00000000      0x370
 *(.debug_ranges)
 .debug_ranges  0x00000000       0x48 APP/app.o
 .debug_ranges  0x00000048       0x18 HAL/keypad/keypad.o
 .debug_ranges  0x00000060       0x70 HAL/lcd/lcd.o
 .debug_ranges  0x000000d0       0x38 HAL/motor/motor.o
 .debug_ranges  0x00000108       0x20 HAL/ultrasonic/us.o
 .debug_ranges  0x00000128       0x10 main.o
 .debug_ranges  0x00000138       0x38 MCAL/dio/dio.o
 .debug_ranges  0x00000170       0x20 MCAL/icu/icu.o
 .debug_ranges  0x00000190       0x48 MCAL/Interrupt/exi.o
 .debug_ranges  0x000001d8       0x30 MCAL/pwm/pwm.o
 .debug_ranges  0x00000208      0x168 MCAL/timers/timer.o

.debug_macro
 *(.debug_macro)
OUTPUT(Obstacle-avoidance-car.elf elf32-avr)
LOAD linker stubs
